// ignore_for_file: library_prefixes,unused_import,no_default_super_constructor_explicit,duplicate_import,unused_shown_name
// The .template.dart files also export the user code.
export 'deferred_component.dart';

// Required for referencing runtime code.
import 'dart:html';
import 'package:angular/angular.dart';
import 'package:angular/src/core/change_detection/directive_change_detector.dart';
import 'package:angular/src/core/linker/app_view.dart';

// Required for specifically referencing user code.
import 'deferred_component.dart' as _user;

// Required for "type inference" (scoping).
import 'package:angular/angular.dart';

// For @Component class DeferredChildComponent.
const List<dynamic> styles$DeferredChildComponent = const [];
external ComponentFactory get DeferredChildComponentNgFactory;
external AppView<_user.DeferredChildComponent> viewFactory_DeferredChildComponent0(AppView<dynamic> parentView, num parentIndex);
class ViewDeferredChildComponent0 extends AppView<_user.DeferredChildComponent> {
  external ViewDeferredChildComponent0(AppView<dynamic> parentView, num parentIndex);
}

external void initReflector();
