// **************************************************************************
// Generator: Instance of 'Compiler'
// **************************************************************************

// ignore_for_file: cancel_subscriptions,constant_identifier_names,duplicate_import,non_constant_identifier_names,library_prefixes,UNUSED_IMPORT,UNUSED_SHOWN_NAME
import 'deferred_component.dart';
export 'deferred_component.dart';
import 'package:angular/angular.dart';
import 'package:angular/src/di/reflector.dart' as _ngRef;
import 'package:angular/angular.template.dart' as _ref0;
import 'package:angular/src/debug/debug_context.dart';
import 'package:angular/src/debug/debug_app_view.dart';
import 'deferred_component.dart' as import2;
import 'dart:html' as import3;
import 'package:angular/src/core/render/api.dart';
import 'package:angular/src/core/linker/app_view.dart';
import 'package:angular/src/core/linker/view_type.dart' as import6;
import 'package:angular/src/core/change_detection/change_detection.dart';
import 'package:angular/src/core/linker/app_view_utils.dart' as import8;
import 'package:angular/angular.dart';

const List<dynamic> styles$DeferredChildComponent = const [];
List<StaticNodeDebugInfo> nodeDebugInfos_DeferredChildComponent0 = [null, null];

class ViewDeferredChildComponent0 extends DebugAppView<import2.DeferredChildComponent> {
  import3.DivElement _el_0;
  static RenderComponentType _renderType;
  ViewDeferredChildComponent0(AppView<dynamic> parentView, int parentIndex) : super(import6.ViewType.COMPONENT, {}, parentView, parentIndex, ChangeDetectionStrategy.CheckAlways, nodeDebugInfos_DeferredChildComponent0) {
    rootEl = import3.document.createElement('deferred-component');
    _renderType ??= import8.appViewUtils.createRenderType('asset:_goldens/test/_files/deferred/deferred_component.dart class DeferredChildComponent - inline template', ViewEncapsulation.None, styles$DeferredChildComponent);
    setupComponentType(_renderType);
  }
  @override
  ComponentRef<import2.DeferredChildComponent> build() {
    final _rootEl = rootEl;
    final import3.HtmlElement parentRenderNode = initViewRoot(_rootEl);
    var doc = import3.document;
    _el_0 = createDivAndAppendDbg(this, doc, parentRenderNode, 0, 0, 0);
    import3.Text _text_1 = new import3.Text('Child');
    _el_0.append(_text_1);
    dbgElm(this, _text_1, 1, 0, 5);
    init(const [], null, [_el_0, _text_1]);
    return null;
  }
}

AppView<import2.DeferredChildComponent> viewFactory_DeferredChildComponent0(AppView<dynamic> parentView, int parentIndex) {
  return new ViewDeferredChildComponent0(parentView, parentIndex);
}

const List<dynamic> styles$DeferredChildComponentHost = const [];
List<StaticNodeDebugInfo> nodeDebugInfos_DeferredChildComponentHost0 = [
  new StaticNodeDebugInfo([import2.DeferredChildComponent], import2.DeferredChildComponent, <String, dynamic>{})
];

class _ViewDeferredChildComponentHost0 extends DebugAppView<dynamic> {
  ViewDeferredChildComponent0 _compView_0;
  import2.DeferredChildComponent _DeferredChildComponent_0_5;
  _ViewDeferredChildComponentHost0(AppView<dynamic> parentView, int parentIndex) : super(import6.ViewType.HOST, {}, parentView, parentIndex, ChangeDetectionStrategy.CheckAlways, nodeDebugInfos_DeferredChildComponentHost0);
  @override
  ComponentRef build() {
    _compView_0 = new ViewDeferredChildComponent0(this, 0);
    rootEl = _compView_0.rootEl;
    dbgIdx(rootEl, 0);
    _DeferredChildComponent_0_5 = new import2.DeferredChildComponent();
    _compView_0.create(_DeferredChildComponent_0_5, projectableNodes);
    init0Dbg(rootEl, [rootEl]);
    return new ComponentRef<import2.DeferredChildComponent>(0, this, rootEl, _DeferredChildComponent_0_5);
  }

  @override
  void detectChangesInternal() {
    _compView_0.detectChanges();
  }

  @override
  void destroyInternal() {
    _compView_0?.destroy();
  }
}

AppView viewFactory_DeferredChildComponentHost0(AppView<dynamic> parentView, int parentIndex) {
  return new _ViewDeferredChildComponentHost0(parentView, parentIndex);
}

const ComponentFactory<import2.DeferredChildComponent> DeferredChildComponentNgFactory = const ComponentFactory<import2.DeferredChildComponent>('deferred-component', viewFactory_DeferredChildComponentHost0, _DeferredChildComponentMetadata);
const _DeferredChildComponentMetadata = const [];
var _visited = false;
void initReflector() {
  if (_visited) {
    return;
  }
  _visited = true;

  _ngRef.registerComponent(DeferredChildComponent, DeferredChildComponentNgFactory);
  _ref0.initReflector();
}
