// ignore_for_file: library_prefixes,unused_import,no_default_super_constructor_explicit
// The .template.dart files also export the user code.
export 'functional_directives.dart';

// Required for referencing runtime code.
import 'dart:html' as _html;
import 'package:angular/angular.dart' as _ng;
import 'package:angular/src/core/change_detection/directive_change_detector.dart' as _ng;
import 'package:angular/src/core/linker/app_view.dart' as _ng;

// Required for specifically referencing user code.
import 'functional_directives.dart';

// Required for "type inference" (scoping).
import 'dart:html';
import 'package:angular/angular.dart';

// For @Component class AppComponent.
external List<dynamic> get styles$AppComponent;
external _ng.ComponentFactory<AppComponent> get AppComponentNgFactory;
external _ng.AppView<AppComponent> viewFactory_AppComponent0(_ng.AppView<dynamic> parentView, int parentIndex);
class ViewAppComponent0 extends _ng.AppView<AppComponent> {
  external ViewAppComponent0(_ng.AppView<dynamic> parentView, int parentIndex);
}

external void initReflector();
