// ignore_for_file: library_prefixes,unused_import,no_default_super_constructor_explicit,duplicate_import,unused_shown_name
// The .template.dart files also export the user code.
export 'nested_ng_for.dart';

// Required for referencing runtime code.
import 'dart:html';
import 'package:angular/angular.dart';
import 'package:angular/src/core/change_detection/directive_change_detector.dart';
import 'package:angular/src/core/linker/app_view.dart';

// Required for specifically referencing user code.
import 'nested_ng_for.dart' as _user;

// Required for "type inference" (scoping).
import 'package:angular/angular.dart';

// For @Component class NestedNgForComponent.
const List<dynamic> styles$NestedNgForComponent = const [];
external ComponentFactory get NestedNgForComponentNgFactory;
external AppView<_user.NestedNgForComponent> viewFactory_NestedNgForComponent0(AppView<dynamic> parentView, num parentIndex);
class ViewNestedNgForComponent0 extends AppView<_user.NestedNgForComponent> {
  external ViewNestedNgForComponent0(AppView<dynamic> parentView, num parentIndex);
}

external void initReflector();
