// **************************************************************************
// Generator: AngularDart Compiler
// **************************************************************************

import 'has_template_file.dart';
export 'has_template_file.dart';
import 'package:angular/src/di/reflector.dart' as _ngRef;
import 'package:angular/angular.template.dart' as _ref0;
import 'has_template_file.css.shim.dart' as import0;
import 'package:angular/src/core/linker/views/component_view.dart' as import1;
import 'has_template_file.dart' as import2;
import 'package:angular/src/core/linker/style_encapsulation.dart' as import3;
import 'package:angular/src/core/linker/views/view.dart' as import4;
import 'package:angular/src/core/change_detection/change_detection.dart';
import 'dart:html' as import6;
import 'package:angular/src/runtime.dart' as import7;
import 'package:angular/src/runtime/dom_helpers.dart' as import8;
import 'package:angular/angular.dart';
import 'package:angular/src/core/linker/views/host_view.dart' as import10;

final List<dynamic> styles$HasTemplateFileComponent = [import0.styles];

// View for component HasTemplateFileComponent in asset:_goldens/test/_files/templates/has_template_file.dart (changeDetection: Default)
class ViewHasTemplateFileComponent0 extends import1.ComponentView<import2.HasTemplateFileComponent> {
  static import3.ComponentStyles _componentStyles;
  ViewHasTemplateFileComponent0(import4.View parentView, int parentIndex) : super(parentView, parentIndex, ChangeDetectionStrategy.CheckAlways) {
    this.initComponentStyles();
    this.rootElement = import6.document.createElement('has-template-file');
  }
  static String get _debugComponentUrl {
    return (import7.isDevMode ? 'asset:_goldens/test/_files/templates/has_template_file.dart' : null);
  }

  @override
  void build() {
    final import6.HtmlElement parentRenderNode = this.initViewRoot();
    final doc = import6.document;
    final _el_0 = import8.appendDiv(doc, parentRenderNode);
    this.addShimC(_el_0);
    final _text_1 = import8.appendText(_el_0, 'Has Template File!');
  }

  static void _debugClearComponentStyles() {
    _componentStyles = null;
  }

  void initComponentStyles() {
    var styles = _componentStyles;
    if (identical(styles, null)) {
      _componentStyles = (styles = import3.ComponentStyles.scoped(styles$HasTemplateFileComponent, _debugComponentUrl));
      if (import7.isDevMode) {
        import3.ComponentStyles.debugOnClear(_debugClearComponentStyles);
      }
    }
    this.componentStyles = styles;
  }
}

const ComponentFactory<import2.HasTemplateFileComponent> _HasTemplateFileComponentNgFactory = const ComponentFactory('has-template-file', viewFactory_HasTemplateFileComponentHost0);
ComponentFactory<import2.HasTemplateFileComponent> get HasTemplateFileComponentNgFactory {
  return _HasTemplateFileComponentNgFactory;
}

final List<dynamic> styles$HasTemplateFileComponentHost = const [];

// Host for component HasTemplateFileComponent in asset:_goldens/test/_files/templates/has_template_file.dart (changeDetection: Default)
class _ViewHasTemplateFileComponentHost0 extends import10.HostView<import2.HasTemplateFileComponent> {
  @override
  void build() {
    // Child component HasTemplateFileComponent in asset:_goldens/test/_files/templates/has_template_file.dart (changeDetection: Default)
    this.componentView = ViewHasTemplateFileComponent0(this, 0);
    final _el_0 = this.componentView.rootElement;
    this.component = import2.HasTemplateFileComponent();
    this.initRootNode(_el_0);
  }
}

import10.HostView<import2.HasTemplateFileComponent> viewFactory_HasTemplateFileComponentHost0() {
  return _ViewHasTemplateFileComponentHost0();
}

var _visited = false;
void initReflector() {
  if (_visited) {
    return;
  }
  _visited = true;

  _ngRef.registerComponent(HasTemplateFileComponent, HasTemplateFileComponentNgFactory);
  _ref0.initReflector();
}
