// ignore_for_file: library_prefixes,unused_import,no_default_super_constructor_explicit,duplicate_import,unused_shown_name
// The .template.dart files also export the user code.
export 'has_template_file.dart';

// Required for referencing runtime code.
import 'dart:html' as _html;
import 'package:angular/angular.dart' as _ng;
import 'package:angular/src/core/change_detection/directive_change_detector.dart' as _ng;
import 'package:angular/src/core/linker/app_view.dart' as _ng;

// Required for specifically referencing user code.
import 'has_template_file.dart' as _user;

// Required for "type inference" (scoping).

// For @Component class HasTemplateFileComponent.
external List<dynamic> get styles$HasTemplateFileComponent;
external _ng.ComponentFactory<_user.HasTemplateFileComponent> get HasTemplateFileComponentNgFactory;
external _ng.AppView<_user.HasTemplateFileComponent> viewFactory_HasTemplateFileComponent0(_ng.AppView<dynamic> parentView, int parentIndex);
class ViewHasTemplateFileComponent0 extends _ng.AppView<_user.HasTemplateFileComponent> {
  external ViewHasTemplateFileComponent0(_ng.AppView<dynamic> parentView, int parentIndex);
}

external void initReflector();
