export 'queries.dart';
import 'package:angular/angular.dart';
import 'package:angular/src/core/linker/app_view.dart';

import 'queries.dart' as _user;
const List<dynamic> styles$QueriesComponent = const [];
external ComponentFactory get QueriesComponentNgFactory;
external AppView<_user.QueriesComponent> viewFactory_QueriesComponent0(AppView<dynamic> parentView, num parentIndex);
class ViewQueriesComponent0 extends AppView<_user.QueriesComponent> {
  external factory ViewQueriesComponent0(AppView<dynamic> parentView, num parentIndex);
}
class AnotherDirectiveNgCd {
  external _user.AnotherDirective get instance;
  external factory AnotherDirectiveNgCd(_user.AnotherDirective instance);
}
external void initReflector();
