// ignore_for_file: library_prefixes,unused_import,strict_raw_type,no_default_super_constructor_explicit,undefined_hidden_name
// The .template.dart files also export the user code.
export 'text.dart';

// Required for referencing runtime code.
import 'dart:html' as _html;
import 'package:angular/angular.dart' as _ng;
import 'package:angular/src/core/change_detection/directive_change_detector.dart' as _ng;
import 'package:angular/src/core/linker/views/component_view.dart' as _ng;
import 'package:angular/src/core/linker/views/render_view.dart' as _ng;
import 'package:angular/src/core/linker/views/view.dart' as _ng;

// Required for specifically referencing user code.
import 'text.dart';

// Required for "type inference" (scoping).
import 'package:angular/angular.dart';

// For @Component class I18nTextComponent.
external List<dynamic> get styles$I18nTextComponent;
external _ng.ComponentFactory<I18nTextComponent> get I18nTextComponentNgFactory;
class ViewI18nTextComponent0 extends _ng.ComponentView<I18nTextComponent> {
  external ViewI18nTextComponent0(_ng.View parentView, int parentIndex);
}

external void initReflector();
