// ignore_for_file: library_prefixes,unused_import,strict_raw_type,undefined_hidden_name
// The .template.dart files also export the user code.
export 'eager_existing_providers.dart';

// Required for referencing runtime code.
import 'dart:html' as _html;
import 'package:angular/angular.dart' as _ng;
import 'package:angular/src/core/change_detection/directive_change_detector.dart' as _ng;
import 'package:angular/src/core/linker/views/component_view.dart' as _ng;
import 'package:angular/src/core/linker/views/render_view.dart' as _ng;
import 'package:angular/src/core/linker/views/view.dart' as _ng;

// Required for specifically referencing user code.
import 'eager_existing_providers.dart';

// Required for "type inference" (scoping).
import 'package:angular/angular.dart';

// For @Component class AppComponent.
external List<dynamic> get styles$AppComponent;
external _ng.ComponentFactory<AppComponent> get AppComponentNgFactory;
external _ng.ComponentFactory<AppComponent> createAppComponentFactory();
class ViewAppComponent0 extends _ng.ComponentView<AppComponent> {
  external ViewAppComponent0(_ng.View parentView, int parentIndex);
}
// For @Component class ProvidesServicesComponent.
external List<dynamic> get styles$ProvidesServicesComponent;
external _ng.ComponentFactory<ProvidesServicesComponent> get ProvidesServicesComponentNgFactory;
external _ng.ComponentFactory<ProvidesServicesComponent> createProvidesServicesComponentFactory();
class ViewProvidesServicesComponent0 extends _ng.ComponentView<ProvidesServicesComponent> {
  external ViewProvidesServicesComponent0(_ng.View parentView, int parentIndex);
}
// For @Component class InjectsServicesComponent.
external List<dynamic> get styles$InjectsServicesComponent;
external _ng.ComponentFactory<InjectsServicesComponent> get InjectsServicesComponentNgFactory;
external _ng.ComponentFactory<InjectsServicesComponent> createInjectsServicesComponentFactory();
class ViewInjectsServicesComponent0 extends _ng.ComponentView<InjectsServicesComponent> {
  external ViewInjectsServicesComponent0(_ng.View parentView, int parentIndex);
}

external void initReflector();
