// **************************************************************************
// Generator: AngularDart Compiler
// **************************************************************************

import 'events.dart';
export 'events.dart';
import 'package:angular/src/di/reflector.dart' as _ngRef;
import 'package:angular/angular.template.dart' as _ref0;
import 'package:angular/src/core/linker/views/component_view.dart' as import0;
import 'events.dart' as import1;
import 'package:angular/src/core/linker/style_encapsulation.dart' as import2;
import 'package:angular/src/core/linker/views/view.dart' as import3;
import 'package:angular/src/core/change_detection/change_detection.dart';
import 'dart:html' as import5;
import 'package:angular/src/runtime.dart' as import6;
import 'package:angular/src/runtime/dom_helpers.dart' as import7;
import 'package:angular/angular.dart';
import 'package:angular/src/core/linker/views/host_view.dart' as import9;

final List<dynamic> styles$UsesNativeEvents = const [];

// View for component UsesNativeEvents in asset:_goldens/test/_files/events.dart (changeDetection: Default)
class ViewUsesNativeEvents0 extends import0.ComponentView<import1.UsesNativeEvents> {
  static import2.ComponentStyles _componentStyles;
  ViewUsesNativeEvents0(import3.View parentView, int parentIndex) : super(parentView, parentIndex, ChangeDetectionStrategy.CheckAlways) {
    this.initComponentStyles();
    this.rootElement = import5.document.createElement('uses-native-events');
  }
  static String get _debugComponentUrl {
    return (import6.isDevMode ? 'asset:_goldens/test/_files/events.dart' : null);
  }

  @override
  void build() {
    final _ctx = this.ctx;
    final import5.HtmlElement parentRenderNode = this.initViewRoot();
    final doc = import5.document;
    final _el_0 = import7.appendElement(doc, parentRenderNode, 'button');
    _el_0.addEventListener('click', this.eventHandler0(_ctx.onClick));
    parentRenderNode.addEventListener('focus', this.eventHandler0(_ctx.onFocus));
  }

  static void _debugClearComponentStyles() {
    _componentStyles = null;
  }

  void initComponentStyles() {
    var styles = _componentStyles;
    if (identical(styles, null)) {
      _componentStyles = (styles = import2.ComponentStyles.unscoped(styles$UsesNativeEvents, _debugComponentUrl));
      if (import6.isDevMode) {
        import2.ComponentStyles.debugOnClear(_debugClearComponentStyles);
      }
    }
    this.componentStyles = styles;
  }
}

const ComponentFactory<import1.UsesNativeEvents> _UsesNativeEventsNgFactory = const ComponentFactory('uses-native-events', viewFactory_UsesNativeEventsHost0);
ComponentFactory<import1.UsesNativeEvents> get UsesNativeEventsNgFactory {
  return _UsesNativeEventsNgFactory;
}

final List<dynamic> styles$UsesNativeEventsHost = const [];

// Host for component UsesNativeEvents in asset:_goldens/test/_files/events.dart (changeDetection: Default)
class _ViewUsesNativeEventsHost0 extends import9.HostView<import1.UsesNativeEvents> {
  @override
  void build() {
    // Child component UsesNativeEvents in asset:_goldens/test/_files/events.dart (changeDetection: Default)
    this.componentView = ViewUsesNativeEvents0(this, 0);
    final _el_0 = this.componentView.rootElement;
    this.component = import1.UsesNativeEvents();
    this.initRootNode(_el_0);
  }
}

import9.HostView<import1.UsesNativeEvents> viewFactory_UsesNativeEventsHost0() {
  return _ViewUsesNativeEventsHost0();
}

final List<dynamic> styles$UsesAngularEvents = const [];

// View for component UsesAngularEvents in asset:_goldens/test/_files/events.dart (changeDetection: Default)
class ViewUsesAngularEvents0 extends import0.ComponentView<import1.UsesAngularEvents> {
  ViewHasAngularEvents0 _compView_0;
  import1.HasAngularEvents _HasAngularEvents_0_5;
  static import2.ComponentStyles _componentStyles;
  ViewUsesAngularEvents0(import3.View parentView, int parentIndex) : super(parentView, parentIndex, ChangeDetectionStrategy.CheckAlways) {
    this.initComponentStyles();
    this.rootElement = import5.document.createElement('uses-angular-events');
  }
  static String get _debugComponentUrl {
    return (import6.isDevMode ? 'asset:_goldens/test/_files/events.dart' : null);
  }

  @override
  void build() {
    final _ctx = this.ctx;
    final import5.HtmlElement parentRenderNode = this.initViewRoot();
    // Child component HasAngularEvents in asset:_goldens/test/_files/events.dart (changeDetection: Default)
    this._compView_0 = ViewHasAngularEvents0(this, 0);
    final _el_0 = this._compView_0.rootElement;
    parentRenderNode.append(_el_0);
    this._HasAngularEvents_0_5 = import1.HasAngularEvents();
    this._compView_0.create(this._HasAngularEvents_0_5);
    final subscription_0 = this._HasAngularEvents_0_5.foo.listen(this.eventHandler0(_ctx.onFoo));
    this.initSubscriptions([subscription_0]);
  }

  @override
  void detectChangesInternal() {
    this._compView_0.detectChanges();
  }

  @override
  void destroyInternal() {
    this._compView_0.destroyInternalState();
  }

  static void _debugClearComponentStyles() {
    _componentStyles = null;
  }

  void initComponentStyles() {
    var styles = _componentStyles;
    if (identical(styles, null)) {
      _componentStyles = (styles = import2.ComponentStyles.unscoped(styles$UsesAngularEvents, _debugComponentUrl));
      if (import6.isDevMode) {
        import2.ComponentStyles.debugOnClear(_debugClearComponentStyles);
      }
    }
    this.componentStyles = styles;
  }
}

const ComponentFactory<import1.UsesAngularEvents> _UsesAngularEventsNgFactory = const ComponentFactory('uses-angular-events', viewFactory_UsesAngularEventsHost0);
ComponentFactory<import1.UsesAngularEvents> get UsesAngularEventsNgFactory {
  return _UsesAngularEventsNgFactory;
}

final List<dynamic> styles$UsesAngularEventsHost = const [];

// Host for component UsesAngularEvents in asset:_goldens/test/_files/events.dart (changeDetection: Default)
class _ViewUsesAngularEventsHost0 extends import9.HostView<import1.UsesAngularEvents> {
  @override
  void build() {
    // Child component UsesAngularEvents in asset:_goldens/test/_files/events.dart (changeDetection: Default)
    this.componentView = ViewUsesAngularEvents0(this, 0);
    final _el_0 = this.componentView.rootElement;
    this.component = import1.UsesAngularEvents();
    this.initRootNode(_el_0);
  }
}

import9.HostView<import1.UsesAngularEvents> viewFactory_UsesAngularEventsHost0() {
  return _ViewUsesAngularEventsHost0();
}

final List<dynamic> styles$HasAngularEvents = const [];

// View for component HasAngularEvents in asset:_goldens/test/_files/events.dart (changeDetection: Default)
class ViewHasAngularEvents0 extends import0.ComponentView<import1.HasAngularEvents> {
  static import2.ComponentStyles _componentStyles;
  ViewHasAngularEvents0(import3.View parentView, int parentIndex) : super(parentView, parentIndex, ChangeDetectionStrategy.CheckAlways) {
    this.initComponentStyles();
    this.rootElement = import5.document.createElement('has-angular-events');
  }
  static String get _debugComponentUrl {
    return (import6.isDevMode ? 'asset:_goldens/test/_files/events.dart' : null);
  }

  @override
  void build() {
    final import5.HtmlElement parentRenderNode = this.initViewRoot();
  }

  static void _debugClearComponentStyles() {
    _componentStyles = null;
  }

  void initComponentStyles() {
    var styles = _componentStyles;
    if (identical(styles, null)) {
      _componentStyles = (styles = import2.ComponentStyles.unscoped(styles$HasAngularEvents, _debugComponentUrl));
      if (import6.isDevMode) {
        import2.ComponentStyles.debugOnClear(_debugClearComponentStyles);
      }
    }
    this.componentStyles = styles;
  }
}

const ComponentFactory<import1.HasAngularEvents> _HasAngularEventsNgFactory = const ComponentFactory('has-angular-events', viewFactory_HasAngularEventsHost0);
ComponentFactory<import1.HasAngularEvents> get HasAngularEventsNgFactory {
  return _HasAngularEventsNgFactory;
}

final List<dynamic> styles$HasAngularEventsHost = const [];

// Host for component HasAngularEvents in asset:_goldens/test/_files/events.dart (changeDetection: Default)
class _ViewHasAngularEventsHost0 extends import9.HostView<import1.HasAngularEvents> {
  @override
  void build() {
    // Child component HasAngularEvents in asset:_goldens/test/_files/events.dart (changeDetection: Default)
    this.componentView = ViewHasAngularEvents0(this, 0);
    final _el_0 = this.componentView.rootElement;
    this.component = import1.HasAngularEvents();
    this.initRootNode(_el_0);
  }
}

import9.HostView<import1.HasAngularEvents> viewFactory_HasAngularEventsHost0() {
  return _ViewHasAngularEventsHost0();
}

final List<dynamic> styles$HasManyNativeHostEvents = const [];

// View for component HasManyNativeHostEvents in asset:_goldens/test/_files/events.dart (changeDetection: Default)
class ViewHasManyNativeHostEvents0 extends import0.ComponentView<import1.HasManyNativeHostEvents> {
  static import2.ComponentStyles _componentStyles;
  ViewHasManyNativeHostEvents0(import3.View parentView, int parentIndex) : super(parentView, parentIndex, ChangeDetectionStrategy.CheckAlways) {
    this.initComponentStyles();
    this.rootElement = import5.document.createElement('material-button-like');
  }
  static String get _debugComponentUrl {
    return (import6.isDevMode ? 'asset:_goldens/test/_files/events.dart' : null);
  }

  @override
  void build() {
    final _ctx = this.ctx;
    final import5.HtmlElement parentRenderNode = this.initViewRoot();
    parentRenderNode.addEventListener('mousedown', this.eventHandler1(_ctx.onMouseDown));
    parentRenderNode.addEventListener('mouseup', this.eventHandler1(_ctx.onMouseUp));
    parentRenderNode.addEventListener('click', this.eventHandler1(_ctx.onClick));
    parentRenderNode.addEventListener('keypress', this.eventHandler1(_ctx.onKeyPress));
    parentRenderNode.addEventListener('focus', this.eventHandler1(_ctx.onFocus));
    parentRenderNode.addEventListener('blur', this.eventHandler1(_ctx.onBlur));
  }

  static void _debugClearComponentStyles() {
    _componentStyles = null;
  }

  void initComponentStyles() {
    var styles = _componentStyles;
    if (identical(styles, null)) {
      _componentStyles = (styles = import2.ComponentStyles.unscoped(styles$HasManyNativeHostEvents, _debugComponentUrl));
      if (import6.isDevMode) {
        import2.ComponentStyles.debugOnClear(_debugClearComponentStyles);
      }
    }
    this.componentStyles = styles;
  }
}

const ComponentFactory<import1.HasManyNativeHostEvents> _HasManyNativeHostEventsNgFactory = const ComponentFactory('material-button-like', viewFactory_HasManyNativeHostEventsHost0);
ComponentFactory<import1.HasManyNativeHostEvents> get HasManyNativeHostEventsNgFactory {
  return _HasManyNativeHostEventsNgFactory;
}

final List<dynamic> styles$HasManyNativeHostEventsHost = const [];

// Host for component HasManyNativeHostEvents in asset:_goldens/test/_files/events.dart (changeDetection: Default)
class _ViewHasManyNativeHostEventsHost0 extends import9.HostView<import1.HasManyNativeHostEvents> {
  @override
  void build() {
    // Child component HasManyNativeHostEvents in asset:_goldens/test/_files/events.dart (changeDetection: Default)
    this.componentView = ViewHasManyNativeHostEvents0(this, 0);
    final _el_0 = this.componentView.rootElement;
    this.component = import1.HasManyNativeHostEvents();
    this.initRootNode(_el_0);
  }
}

import9.HostView<import1.HasManyNativeHostEvents> viewFactory_HasManyNativeHostEventsHost0() {
  return _ViewHasManyNativeHostEventsHost0();
}

var _visited = false;
void initReflector() {
  if (_visited) {
    return;
  }
  _visited = true;

  _ngRef.registerComponent(UsesNativeEvents, UsesNativeEventsNgFactory);
  _ngRef.registerComponent(UsesAngularEvents, UsesAngularEventsNgFactory);
  _ngRef.registerComponent(HasAngularEvents, HasAngularEventsNgFactory);
  _ngRef.registerComponent(HasManyNativeHostEvents, HasManyNativeHostEventsNgFactory);
  _ref0.initReflector();
}
