// **************************************************************************
// Generator: Instance of 'Compiler'
// **************************************************************************

// ignore_for_file: cancel_subscriptions,constant_identifier_names,duplicate_import,non_constant_identifier_names,library_prefixes,UNUSED_IMPORT,UNUSED_SHOWN_NAME
import 'inlined_ngif.dart';
export 'inlined_ngif.dart';
import 'package:angular/angular.dart';
import 'package:angular/src/di/reflector.dart' as _ngRef;
import 'package:angular/angular.template.dart' as _ref0;
import 'package:angular/src/debug/debug_context.dart';
import 'package:angular/src/common/directives/ng_if.dart';
import 'package:angular/src/debug/debug_app_view.dart';
import 'inlined_ngif.dart' as import3;
import 'dart:html' as import4;
import 'package:angular/src/core/render/api.dart';
import 'package:angular/src/core/linker/app_view.dart';
import 'package:angular/src/core/linker/view_type.dart' as import7;
import 'package:angular/src/core/change_detection/change_detection.dart';
import 'package:angular/src/core/linker/app_view_utils.dart' as import9;
import 'package:angular/angular.dart';

const List<dynamic> styles$InlinedNgIfComponent = const [];
List<StaticNodeDebugInfo> nodeDebugInfos_InlinedNgIfComponent0 = [
  new StaticNodeDebugInfo([NgIf], null, <String, dynamic>{})
];

class ViewInlinedNgIfComponent0 extends DebugAppView<import3.InlinedNgIfComponent> {
  import4.Comment _anchor_0;
  import4.DivElement _el_0_0;
  import4.Text _text_0_1;
  bool _expr_0 = false;
  static RenderComponentType _renderType;
  ViewInlinedNgIfComponent0(AppView<dynamic> parentView, int parentIndex) : super(import7.ViewType.COMPONENT, {}, parentView, parentIndex, ChangeDetectionStrategy.CheckAlways, nodeDebugInfos_InlinedNgIfComponent0) {
    rootEl = import4.document.createElement('inlined-ngif');
    _renderType ??= import9.appViewUtils.createRenderType('asset:_goldens/test/_files/inlined_ngif.dart class InlinedNgIfComponent - inline template', ViewEncapsulation.None, styles$InlinedNgIfComponent);
    setupComponentType(_renderType);
  }
  @override
  ComponentRef<import3.InlinedNgIfComponent> build() {
    final _rootEl = rootEl;
    final import4.HtmlElement parentRenderNode = initViewRoot(_rootEl);
    _anchor_0 = ngAnchor.clone(false);
    parentRenderNode.append(_anchor_0);
    dbgElm(this, _anchor_0, 0, 0, 5);
    init([], null, [_anchor_0]);
    return null;
  }

  @override
  void detectChangesInternal() {
    final import3.InlinedNgIfComponent _ctx = ctx;
    dbg(0, 0, 5);
    final currVal_0 = (_ctx.foo == true);
    if (import9.checkBinding(_expr_0, currVal_0)) {
      if (currVal_0) {
        var doc = import4.document;
        _el_0_0 = doc.createElement('div');
        dbgElm(this, _el_0_0, 0, 0, 0);
        _text_0_1 = new import4.Text('Hello World!');
        _el_0_0.append(_text_0_1);
        dbgElm(this, _text_0_1, 1, 0, 17);
        addInlinedNodes(_anchor_0, [_el_0_0], true);
      } else {
        removeInlinedNodes([_el_0_0], true);
      }
      _expr_0 = currVal_0;
    }
  }
}

AppView<import3.InlinedNgIfComponent> viewFactory_InlinedNgIfComponent0(AppView<dynamic> parentView, int parentIndex) {
  return new ViewInlinedNgIfComponent0(parentView, parentIndex);
}

const List<dynamic> styles$InlinedNgIfComponentHost = const [];
List<StaticNodeDebugInfo> nodeDebugInfos_InlinedNgIfComponentHost0 = [
  new StaticNodeDebugInfo([import3.InlinedNgIfComponent], import3.InlinedNgIfComponent, <String, dynamic>{})
];

class _ViewInlinedNgIfComponentHost0 extends DebugAppView<dynamic> {
  ViewInlinedNgIfComponent0 _compView_0;
  import3.InlinedNgIfComponent _InlinedNgIfComponent_0_5;
  _ViewInlinedNgIfComponentHost0(AppView<dynamic> parentView, int parentIndex) : super(import7.ViewType.HOST, {}, parentView, parentIndex, ChangeDetectionStrategy.CheckAlways, nodeDebugInfos_InlinedNgIfComponentHost0);
  @override
  ComponentRef build() {
    _compView_0 = new ViewInlinedNgIfComponent0(this, 0);
    rootEl = _compView_0.rootEl;
    dbgIdx(rootEl, 0);
    _InlinedNgIfComponent_0_5 = new import3.InlinedNgIfComponent();
    _compView_0.create(_InlinedNgIfComponent_0_5, projectableNodes);
    init0Dbg(rootEl, [rootEl]);
    return new ComponentRef<import3.InlinedNgIfComponent>(0, this, rootEl, _InlinedNgIfComponent_0_5);
  }

  @override
  void detectChangesInternal() {
    _compView_0.detectChanges();
  }

  @override
  void destroyInternal() {
    _compView_0?.destroy();
  }
}

AppView viewFactory_InlinedNgIfComponentHost0(AppView<dynamic> parentView, int parentIndex) {
  return new _ViewInlinedNgIfComponentHost0(parentView, parentIndex);
}

const ComponentFactory<import3.InlinedNgIfComponent> InlinedNgIfComponentNgFactory = const ComponentFactory<import3.InlinedNgIfComponent>('inlined-ngif', viewFactory_InlinedNgIfComponentHost0, _InlinedNgIfComponentMetadata);
const List<dynamic> styles$InlinedNgIfWithImmutableConditionComponent = const [];
List<StaticNodeDebugInfo> nodeDebugInfos_InlinedNgIfWithImmutableConditionComponent0 = [
  new StaticNodeDebugInfo([NgIf], null, <String, dynamic>{})
];

class ViewInlinedNgIfWithImmutableConditionComponent0 extends DebugAppView<import3.InlinedNgIfWithImmutableConditionComponent> {
  import4.Comment _anchor_0;
  import4.DivElement _el_0_0;
  import4.Text _text_0_1;
  static RenderComponentType _renderType;
  ViewInlinedNgIfWithImmutableConditionComponent0(AppView<dynamic> parentView, int parentIndex) : super(import7.ViewType.COMPONENT, {}, parentView, parentIndex, ChangeDetectionStrategy.CheckAlways, nodeDebugInfos_InlinedNgIfWithImmutableConditionComponent0) {
    rootEl = import4.document.createElement('inlined-ngif-with-immutable-condition');
    _renderType ??= import9.appViewUtils.createRenderType('asset:_goldens/test/_files/inlined_ngif.dart class InlinedNgIfWithImmutableConditionComponent - inline template', ViewEncapsulation.None, styles$InlinedNgIfWithImmutableConditionComponent);
    setupComponentType(_renderType);
  }
  @override
  ComponentRef<import3.InlinedNgIfWithImmutableConditionComponent> build() {
    final _rootEl = rootEl;
    final import4.HtmlElement parentRenderNode = initViewRoot(_rootEl);
    _anchor_0 = ngAnchor.clone(false);
    parentRenderNode.append(_anchor_0);
    dbgElm(this, _anchor_0, 0, 0, 5);
    init([], null, [_anchor_0]);
    return null;
  }

  @override
  void detectChangesInternal() {
    final import3.InlinedNgIfWithImmutableConditionComponent _ctx = ctx;
    bool firstCheck = (this.cdState == 0);
    if (firstCheck) {
      if (!identical(_ctx.foo, null)) {
        if (_ctx.foo) {
          var doc = import4.document;
          _el_0_0 = doc.createElement('div');
          dbgElm(this, _el_0_0, 0, 0, 0);
          _text_0_1 = new import4.Text('Hello World!');
          _el_0_0.append(_text_0_1);
          dbgElm(this, _text_0_1, 1, 0, 17);
          addInlinedNodes(_anchor_0, [_el_0_0], true);
        }
      }
    }
  }
}

AppView<import3.InlinedNgIfWithImmutableConditionComponent> viewFactory_InlinedNgIfWithImmutableConditionComponent0(AppView<dynamic> parentView, int parentIndex) {
  return new ViewInlinedNgIfWithImmutableConditionComponent0(parentView, parentIndex);
}

const List<dynamic> styles$InlinedNgIfWithImmutableConditionComponentHost = const [];
List<StaticNodeDebugInfo> nodeDebugInfos_InlinedNgIfWithImmutableConditionComponentHost0 = [
  new StaticNodeDebugInfo([import3.InlinedNgIfWithImmutableConditionComponent], import3.InlinedNgIfWithImmutableConditionComponent, <String, dynamic>{})
];

class _ViewInlinedNgIfWithImmutableConditionComponentHost0 extends DebugAppView<dynamic> {
  ViewInlinedNgIfWithImmutableConditionComponent0 _compView_0;
  import3.InlinedNgIfWithImmutableConditionComponent _InlinedNgIfWithImmutableConditionComponent_0_5;
  _ViewInlinedNgIfWithImmutableConditionComponentHost0(AppView<dynamic> parentView, int parentIndex) : super(import7.ViewType.HOST, {}, parentView, parentIndex, ChangeDetectionStrategy.CheckAlways, nodeDebugInfos_InlinedNgIfWithImmutableConditionComponentHost0);
  @override
  ComponentRef build() {
    _compView_0 = new ViewInlinedNgIfWithImmutableConditionComponent0(this, 0);
    rootEl = _compView_0.rootEl;
    dbgIdx(rootEl, 0);
    _InlinedNgIfWithImmutableConditionComponent_0_5 = new import3.InlinedNgIfWithImmutableConditionComponent();
    _compView_0.create(_InlinedNgIfWithImmutableConditionComponent_0_5, projectableNodes);
    init0Dbg(rootEl, [rootEl]);
    return new ComponentRef<import3.InlinedNgIfWithImmutableConditionComponent>(0, this, rootEl, _InlinedNgIfWithImmutableConditionComponent_0_5);
  }

  @override
  void detectChangesInternal() {
    _compView_0.detectChanges();
  }

  @override
  void destroyInternal() {
    _compView_0?.destroy();
  }
}

AppView viewFactory_InlinedNgIfWithImmutableConditionComponentHost0(AppView<dynamic> parentView, int parentIndex) {
  return new _ViewInlinedNgIfWithImmutableConditionComponentHost0(parentView, parentIndex);
}

const ComponentFactory<import3.InlinedNgIfWithImmutableConditionComponent> InlinedNgIfWithImmutableConditionComponentNgFactory = const ComponentFactory<import3.InlinedNgIfWithImmutableConditionComponent>('inlined-ngif-with-immutable-condition', viewFactory_InlinedNgIfWithImmutableConditionComponentHost0, _InlinedNgIfWithImmutableConditionComponentMetadata);
const _InlinedNgIfComponentMetadata = const [];
const _InlinedNgIfWithImmutableConditionComponentMetadata = const [];
var _visited = false;
void initReflector() {
  if (_visited) {
    return;
  }
  _visited = true;

  _ngRef.registerComponent(InlinedNgIfComponent, InlinedNgIfComponentNgFactory);
  _ngRef.registerComponent(InlinedNgIfWithImmutableConditionComponent, InlinedNgIfWithImmutableConditionComponentNgFactory);
  _ref0.initReflector();
}
