// ignore_for_file: library_prefixes,unused_import,strict_raw_type,no_default_super_constructor_explicit,undefined_hidden_name
// The .template.dart files also export the user code.
export 'pipes.dart';

// Required for referencing runtime code.
import 'dart:html' as _html;
import 'package:angular/angular.dart' as _ng;
import 'package:angular/src/core/change_detection/directive_change_detector.dart' as _ng;
import 'package:angular/src/core/linker/views/component_view.dart' as _ng;
import 'package:angular/src/core/linker/views/render_view.dart' as _ng;
import 'package:angular/src/core/linker/views/view.dart' as _ng;

// Required for specifically referencing user code.
import 'pipes.dart';

// Required for "type inference" (scoping).
import 'package:angular/angular.dart';

// For @Component class Comp.
external List<dynamic> get styles$Comp;
external _ng.ComponentFactory<Comp> get CompNgFactory;
class ViewComp0 extends _ng.ComponentView<Comp> {
  external ViewComp0(_ng.View parentView, int parentIndex);
}

external void initReflector();
