// ignore_for_file: library_prefixes,unused_import,strict_raw_type,no_default_super_constructor_explicit,undefined_hidden_name
// The .template.dart files also export the user code.
export 'queries.dart';

// Required for referencing runtime code.
import 'dart:html' as _html;
import 'package:angular/angular.dart' as _ng;
import 'package:angular/src/core/change_detection/directive_change_detector.dart' as _ng;
import 'package:angular/src/core/linker/views/component_view.dart' as _ng;
import 'package:angular/src/core/linker/views/render_view.dart' as _ng;
import 'package:angular/src/core/linker/views/view.dart' as _ng;

// Required for specifically referencing user code.
import 'queries.dart';

// Required for "type inference" (scoping).
import 'dart:html';
import 'package:angular/angular.dart';

// For @Component class QueriesComponent.
external List<dynamic> get styles$QueriesComponent;
external _ng.ComponentFactory<QueriesComponent> get QueriesComponentNgFactory;
class ViewQueriesComponent0 extends _ng.ComponentView<QueriesComponent> {
  external ViewQueriesComponent0(_ng.View parentView, int parentIndex);
}
// For @Component class EmbeddedQueries.
external List<dynamic> get styles$EmbeddedQueries;
external _ng.ComponentFactory<EmbeddedQueries> get EmbeddedQueriesNgFactory;
class ViewEmbeddedQueries0 extends _ng.ComponentView<EmbeddedQueries> {
  external ViewEmbeddedQueries0(_ng.View parentView, int parentIndex);
}
// For @Component class EmbeddedQueriesList.
external List<dynamic> get styles$EmbeddedQueriesList;
external _ng.ComponentFactory<EmbeddedQueriesList> get EmbeddedQueriesListNgFactory;
class ViewEmbeddedQueriesList0 extends _ng.ComponentView<EmbeddedQueriesList> {
  external ViewEmbeddedQueriesList0(_ng.View parentView, int parentIndex);
}
// For @Component class NestedNgForQueriesList.
external List<dynamic> get styles$NestedNgForQueriesList;
external _ng.ComponentFactory<NestedNgForQueriesList> get NestedNgForQueriesListNgFactory;
class ViewNestedNgForQueriesList0 extends _ng.ComponentView<NestedNgForQueriesList> {
  external ViewNestedNgForQueriesList0(_ng.View parentView, int parentIndex);
}
// For @Directive class AnotherDirective.
class AnotherDirectiveNgCd extends _ng.DirectiveChangeDetector {
  external AnotherDirective get instance;
  external void deliverChanges();
  external AnotherDirectiveNgCd(AnotherDirective instance);
  external void detectHostChanges(_ng.RenderView view, _html.Element hostElement);
}

external void initReflector();
