// **************************************************************************
// Generator: AngularDart Compiler
// **************************************************************************

import 'directive_wrapper.dart';
export 'directive_wrapper.dart';
import 'package:angular/src/di/reflector.dart' as _ngRef;
import 'package:angular/angular.template.dart' as _ref0;
import 'package:angular/src/core/linker/views/component_view.dart' as import0;
import 'directive_wrapper.dart' as import1;
import 'dart:html' as import2;
import 'package:angular/src/core/linker/style_encapsulation.dart' as import3;
import 'package:angular/src/core/linker/views/view.dart' as import4;
import 'package:angular/src/core/change_detection/change_detection.dart';
import 'package:angular/src/runtime.dart' as import6;
import 'package:angular/src/runtime/dom_helpers.dart' as import7;
import 'package:angular/src/core/linker/element_ref.dart';
import 'package:angular/angular.dart';
import 'package:angular/src/core/linker/views/host_view.dart' as import10;
import 'package:angular/src/core/change_detection/directive_change_detector.dart' as import11;
import 'package:angular/src/core/linker/views/render_view.dart' as import12;

final List<dynamic> styles$TestFooComponent = ['div._ngcontent-%ID%{font-size:10px}'];

class ViewTestFooComponent0 extends import0.ComponentView<import1.TestFooComponent> {
  ChildDirectiveNgCd _ChildDirective_0_5;
  import1.DirectiveWithOutput _DirectiveWithOutput_0_6;
  var _expr_0;
  import2.DivElement _el_0;
  static import3.ComponentStyles _componentStyles;
  ViewTestFooComponent0(import4.View parentView, int parentIndex) : super(parentView, parentIndex, ChangeDetectionStrategy.CheckAlways) {
    this.initComponentStyles();
    this.rootElement = import2.document.createElement('test-foo');
  }
  static String get _debugComponentUrl {
    return (import6.isDevMode ? 'asset:_goldens/test/files/directives/directive_wrapper.dart' : null);
  }

  @override
  void build() {
    final _ctx = this.ctx;
    final import2.HtmlElement parentRenderNode = this.initViewRoot();
    final doc = import2.document;
    this._el_0 = import7.appendDiv(doc, parentRenderNode);
    import7.setAttribute(this._el_0, 'directive-with-output', '');
    import7.updateAttribute(this._el_0, 'role', import1.ChildDirective.hostRole);
    import7.setAttribute(this._el_0, 'some-child-directive', '');
    this.addShimC(this._el_0);
    this._ChildDirective_0_5 = ChildDirectiveNgCd(import1.ChildDirective(this._el_0, ElementRef(this._el_0)));
    this._DirectiveWithOutput_0_6 = import1.DirectiveWithOutput();
    final _text_1 = import7.appendText(this._el_0, 'Foo');
    this._el_0.addEventListener('click', this.eventHandler1(this._ChildDirective_0_5.instance.handleClick));
    this._el_0.addEventListener('keypress', this.eventHandler1(this._ChildDirective_0_5.instance.handleKeyPress));
    final subscription_0 = this._ChildDirective_0_5.instance.trigger.listen(this.eventHandler1(_ctx.onTrigger));
    final subscription_1 = this._DirectiveWithOutput_0_6.eventXyz.listen(this.eventHandler1(this._ChildDirective_0_5.instance.handleXyzEventFromOtherDirective));
    this.initSubscriptions([subscription_0, subscription_1]);
  }

  @override
  void detectChangesInternal() {
    final _ctx = this.ctx;
    bool changed = false;
    bool firstCheck = this.firstCheck;
    changed = false;
    final currVal_0 = _ctx.rowIndex;
    if (import6.checkBinding(this._expr_0, currVal_0, 'rowIndex', 'asset:_goldens/test/files/directives/directive_wrapper.dart')) {
      this._ChildDirective_0_5.instance.gridRow = currVal_0;
      changed = true;
      this._expr_0 = currVal_0;
    }
    if (changed) {
      this._ChildDirective_0_5.instance.ngAfterChanges();
    }
    if (((!import6.debugThrowIfChanged) && firstCheck)) {
      this._ChildDirective_0_5.instance.ngOnInit();
    }
    this._ChildDirective_0_5.detectHostChanges(this, this._el_0);
  }

  @override
  void destroyInternal() {
    this._ChildDirective_0_5.instance.ngOnDestroy();
  }

  static void _debugClearComponentStyles() {
    _componentStyles = null;
  }

  void initComponentStyles() {
    var styles = _componentStyles;
    if (identical(styles, null)) {
      _componentStyles = (styles = import3.ComponentStyles.scoped(styles$TestFooComponent, _debugComponentUrl));
      if (import6.isDevMode) {
        import3.ComponentStyles.debugOnClear(_debugClearComponentStyles);
      }
    }
    this.componentStyles = styles;
  }
}

const _TestFooComponentNgFactory = ComponentFactory<import1.TestFooComponent>('test-foo', viewFactory_TestFooComponentHost0);
ComponentFactory<import1.TestFooComponent> get TestFooComponentNgFactory {
  return _TestFooComponentNgFactory;
}

ComponentFactory<import1.TestFooComponent> createTestFooComponentFactory() {
  return ComponentFactory('test-foo', viewFactory_TestFooComponentHost0);
}

final List<dynamic> styles$TestFooComponentHost = const [];

class _ViewTestFooComponentHost0 extends import10.HostView<import1.TestFooComponent> {
  @override
  void build() {
    this.componentView = ViewTestFooComponent0(this, 0);
    final _el_0 = this.componentView.rootElement;
    this.component = import1.TestFooComponent();
    this.initRootNode(_el_0);
  }
}

import10.HostView<import1.TestFooComponent> viewFactory_TestFooComponentHost0() {
  return _ViewTestFooComponentHost0();
}

class ChildDirectiveNgCd extends import11.DirectiveChangeDetector {
  final import1.ChildDirective instance;
  var _expr_0;
  var _expr_1;
  var _expr_2;
  ChildDirectiveNgCd(this.instance);
  void detectHostChanges(import12.RenderView view, import2.Element el) {
    bool firstCheck = view.firstCheck;
    if (firstCheck) {
      if (!identical(this.instance.label, null)) {
        import7.updateAttribute(el, 'aria-label', this.instance.label);
      }
    }
    final currVal_0 = this.instance.tabIndex;
    if (import6.checkBinding(this._expr_0, currVal_0, null, null)) {
      import7.setProperty(el, 'tabIndex', currVal_0);
      this._expr_0 = currVal_0;
    }
    final currVal_1 = this.instance.disabledStr;
    if (import6.checkBinding(this._expr_1, currVal_1, null, null)) {
      import7.updateAttribute(el, 'aria-disabled', currVal_1);
      this._expr_1 = currVal_1;
    }
    final currVal_2 = this.instance.disabled;
    if (import6.checkBinding(this._expr_2, currVal_2, null, null)) {
      import7.updateClassBindingNonHtml(el, 'is-disabled', currVal_2);
      this._expr_2 = currVal_2;
    }
  }
}

var _visited = false;
void initReflector() {
  if (_visited) {
    return;
  }
  _visited = true;

  _ngRef.registerComponent(TestFooComponent, createTestFooComponentFactory());
  _ngRef.registerFactory(MyInjectableClass, () => MyInjectableClass());
  _ref0.initReflector();
}
