// GENERATED CODE - DO NOT MODIFY BY HAND

// **************************************************************************
// Generator: TemplateGenerator
// Target: library
// **************************************************************************

// @ignoreProblemForFile annotate_overrides
// @ignoreProblemForFile cancel_subscriptions
// @ignoreProblemForFile constant_identifier_names
// @ignoreProblemForFile non_constant_identifier_names
// @ignoreProblemForFile implementation_imports
// @ignoreProblemForFile library_prefixes
// @ignoreProblemForFile type_annotate_public_apis
// @ignoreProblemForFile STRONG_MODE_DOWN_CAST_COMPOSITE
// @ignoreProblemForFile UNUSED_IMPORT
// @ignoreProblemForFile UNUSED_SHOWN_NAME
// @ignoreProblemForFile UNUSED_LOCAL_VARIABLE
import 'base_component.dart';
import 'package:angular2/src/core/reflection/reflection.dart' as _ngRef;
import 'components.dart';
import 'directives.dart' as directive;
import 'package:angular2/angular2.template.dart' as _i1;
import 'components.template.dart' as _i2;
import 'directives.template.dart' as _i3;
export 'base_component.dart';
import 'package:angular2/src/debug/debug_context.dart';
import 'package:angular2/src/debug/debug_app_view.dart';
import 'base_component.dart' as import2;
import 'dart:html';
import 'package:angular2/src/core/render/api.dart';
import 'package:angular2/src/core/linker/app_view.dart';
import 'package:angular2/src/core/linker/view_type.dart' as import6;
import 'package:angular2/src/core/change_detection/change_detection.dart';
import 'package:angular2/src/core/linker/app_view_utils.dart' as import8;
import 'package:angular2/angular2.dart';

const List<dynamic> styles_TestFooComponent = const [];
List<StaticNodeDebugInfo> nodeDebugInfos_TestFooComponent0 = [null, null];

class ViewTestFooComponent0 extends DebugAppView<import2.TestFooComponent> {
  DivElement _el_0;
  static RenderComponentType renderType;
  ViewTestFooComponent0(AppView<dynamic> parentView, num parentIndex)
      : super(
            import6.ViewType.COMPONENT,
            {},
            parentView,
            parentIndex,
            ChangeDetectionStrategy.CheckAlways,
            nodeDebugInfos_TestFooComponent0) {
    rootEl = document.createElement('test-foo');
    renderType ??= import8.appViewUtils.createRenderType(
        'asset:angular2/test/source_gen/template_compiler/test_files/directives/base_component.dart class TestFooComponent - inline template',
        ViewEncapsulation.None,
        styles_TestFooComponent);
    setupComponentType(renderType);
  }
  ComponentRef build() {
    final import2.TestFooComponent _ctx = ctx;
    final HtmlElement parentRenderNode = initViewRoot(rootEl);
    var doc = document;
    _el_0 = doc.createElement('div');
    parentRenderNode.append(_el_0);
    dbgElm(_el_0, 0, 0, 0);
    Text _text_1 = new Text('Foo');
    _el_0.append(_text_1);
    dbgElm(_text_1, 1, 0, 5);
    init(const [], const [], [_el_0, _text_1]);
    return null;
  }
}

AppView<import2.TestFooComponent> viewFactory_TestFooComponent0(
    AppView<dynamic> parentView, num parentIndex) {
  return new ViewTestFooComponent0(parentView, parentIndex);
}

const List<dynamic> styles_TestFooComponentHost = const [];
List<StaticNodeDebugInfo> nodeDebugInfos_TestFooComponentHost0 = [
  new StaticNodeDebugInfo(
      [import2.TestFooComponent], import2.TestFooComponent, <String, dynamic>{})
];

class ViewTestFooComponentHost0 extends DebugAppView<dynamic> {
  AppView<import2.TestFooComponent> _compView_0;
  import2.TestFooComponent _TestFooComponent_0_2;
  static RenderComponentType renderType;
  ViewTestFooComponentHost0(AppView<dynamic> parentView, num parentIndex)
      : super(
            import6.ViewType.HOST,
            {},
            parentView,
            parentIndex,
            ChangeDetectionStrategy.CheckAlways,
            nodeDebugInfos_TestFooComponentHost0) {
    renderType ??= import8.appViewUtils.createRenderType(
        '', ViewEncapsulation.Emulated, styles_TestFooComponentHost);
    setupComponentType(renderType);
  }
  ComponentRef build() {
    final _ctx = ctx;
    _compView_0 = viewFactory_TestFooComponent0(this, 0);
    rootEl = _compView_0.rootEl;
    dbgIdx(rootEl, 0);
    _TestFooComponent_0_2 = new import2.TestFooComponent();
    _compView_0.create(_TestFooComponent_0_2, projectableNodes);
    init([rootEl], const [], [rootEl]);
    return new ComponentRef(0, this, rootEl, _TestFooComponent_0_2);
  }

  dynamic injectorGetInternal(
      dynamic token, int nodeIndex, dynamic notFoundResult) {
    if ((identical(token, import2.TestFooComponent) && (0 == nodeIndex))) {
      return _TestFooComponent_0_2;
    }
    return notFoundResult;
  }

  void detectChangesInternal() {
    final _ctx = ctx;
    _compView_0.detectChanges();
  }

  void destroyInternal() {
    _compView_0.destroy();
  }
}

AppView viewFactory_TestFooComponentHost0(
    AppView<dynamic> parentView, num parentIndex) {
  return new ViewTestFooComponentHost0(parentView, parentIndex);
}

const ComponentFactory TestFooComponentNgFactory = const ComponentFactory(
    'test-foo',
    viewFactory_TestFooComponentHost0,
    import2.TestFooComponent,
    _METADATA);
const _METADATA = const <dynamic>[TestFooComponent, const <dynamic>[]];
var _visited = false;
void initReflector() {
  if (_visited) {
    return;
  }
  _visited = true;
  _ngRef.reflector.registerType(
      TestFooComponent,
      new _ngRef.ReflectionInfo(const <dynamic>[TestFooComponentNgFactory],
          const [], () => new TestFooComponent()));
  _i1.initReflector();
  _i2.initReflector();
  _i3.initReflector();
}
