// GENERATED CODE - DO NOT MODIFY BY HAND

// **************************************************************************
// Generator: TemplateGenerator
// Target: library
// **************************************************************************

import 'components.dart';
import 'package:angular2/src/core/reflection/reflection.dart' as _ngRef;
export 'components.dart';
import 'package:angular2/src/core/render/api.dart';
import 'package:angular2/src/core/linker/app_view.dart';
import 'components.dart' as import2;
import 'dart:html';
import 'package:angular2/src/core/di/injector.dart' as import4;
import 'package:angular2/src/core/linker/view_container.dart';
import 'package:angular2/src/core/linker/view_type.dart' as import6;
import 'package:angular2/src/core/change_detection/change_detection.dart';
import 'package:angular2/angular2.dart';
import 'package:angular2/src/core/linker/app_view_utils.dart' as import9;

const List<dynamic> styles_TestSubComponent = const [];
RenderComponentType renderType_TestSubComponent;

class ViewTestSubComponent0 extends AppView<import2.TestSubComponent> {
  Element _el_0;
  ViewTestSubComponent0(
      import4.Injector parentInjector, ViewContainer declarationEl)
      : super(
            ViewTestSubComponent0,
            renderType_TestSubComponent,
            import6.ViewType.COMPONENT,
            {},
            parentInjector,
            declarationEl,
            ChangeDetectionStrategy.CheckAlways);
  ComponentRef createInternal(dynamic rootSelector) {
    final Node parentRenderNode =
        initViewRoot(this.declarationViewContainer.nativeElement);
    var doc = document;
    _el_0 = doc.createElement('div');
    parentRenderNode.append(_el_0);
    Text _text_1 = new Text('Bar');
    _el_0.append(_text_1);
    init([], [_el_0, _text_1], []);
    return null;
  }
}

AppView<import2.TestSubComponent> viewFactory_TestSubComponent0(
    import4.Injector parentInjector, ViewContainer declarationEl) {
  if (identical(renderType_TestSubComponent, null)) {
    (renderType_TestSubComponent = import9.appViewUtils
        .createRenderComponentType(
            '', 0, ViewEncapsulation.None, styles_TestSubComponent));
  }
  return new ViewTestSubComponent0(parentInjector, declarationEl);
}

const List<dynamic> styles_TestSubComponentHost = const [];
RenderComponentType renderType_TestSubComponentHost;

class ViewTestSubComponentHost0 extends AppView<dynamic> {
  Element _el_0;
  ViewContainer _appEl_0;
  AppView<import2.TestSubComponent> _compView_0;
  import2.TestSubComponent _TestSubComponent_0_3;
  ViewTestSubComponentHost0(
      import4.Injector parentInjector, ViewContainer declarationEl)
      : super(
            ViewTestSubComponentHost0,
            renderType_TestSubComponentHost,
            import6.ViewType.HOST,
            {},
            parentInjector,
            declarationEl,
            ChangeDetectionStrategy.CheckAlways);
  ComponentRef createInternal(dynamic rootSelector) {
    _el_0 = selectOrCreateHostElement('test-bar', rootSelector, null);
    _appEl_0 = new ViewContainer(0, null, this, _el_0);
    _compView_0 = viewFactory_TestSubComponent0(this.injector(0), _appEl_0);
    _TestSubComponent_0_3 = new import2.TestSubComponent();
    _compView_0.create(_TestSubComponent_0_3, projectableNodes, null);
    init([_el_0], [_el_0], []);
    return new ComponentRef(0, this, _el_0, _TestSubComponent_0_3);
  }

  dynamic injectorGetInternal(
      dynamic token, int requestNodeIndex, dynamic notFoundResult) {
    if ((identical(token, import2.TestSubComponent) &&
        (0 == requestNodeIndex))) {
      return _TestSubComponent_0_3;
    }
    return notFoundResult;
  }

  void detectChangesInternal() {
    _compView_0.detectChanges();
  }

  void destroyInternal() {
    _compView_0.destroy();
  }
}

AppView viewFactory_TestSubComponentHost0(
    import4.Injector parentInjector, ViewContainer declarationEl) {
  if (identical(renderType_TestSubComponentHost, null)) {
    (renderType_TestSubComponentHost = import9.appViewUtils
        .createRenderComponentType(
            '', 0, ViewEncapsulation.Emulated, styles_TestSubComponentHost));
  }
  return new ViewTestSubComponentHost0(parentInjector, declarationEl);
}

const ComponentFactory TestSubComponentNgFactory = const ComponentFactory(
    'test-bar',
    viewFactory_TestSubComponentHost0,
    import2.TestSubComponent,
    _METADATA);
const _METADATA = const <dynamic>[TestSubComponent, const <dynamic>[]];
var _visited = false;
void initReflector() {
  if (_visited) {
    return;
  }
  _visited = true;
  _ngRef.reflector.registerType(
      TestSubComponent,
      new _ngRef.ReflectionInfo(
          const <dynamic>[], const [], () => new TestSubComponent()));
}
