// ignore_for_file: library_prefixes,unused_import,strict_raw_type,undefined_hidden_name
// The .template.dart files also export the user code.
export 'has_template_file.dart';

// Required for referencing runtime code.
import 'dart:html' as _html;
import 'package:angular/angular.dart' as _ng;
import 'package:angular/src/core/change_detection/directive_change_detector.dart' as _ng;
import 'package:angular/src/core/linker/views/component_view.dart' as _ng;
import 'package:angular/src/core/linker/views/render_view.dart' as _ng;
import 'package:angular/src/core/linker/views/view.dart' as _ng;

// Required for specifically referencing user code.
import 'has_template_file.dart';

// Required for "type inference" (scoping).
import 'package:angular/angular.dart';

// For @Component class HasTemplateFileComponent.
external List<dynamic> get styles$HasTemplateFileComponent;
external _ng.ComponentFactory<HasTemplateFileComponent> get HasTemplateFileComponentNgFactory;
external _ng.ComponentFactory<HasTemplateFileComponent> createHasTemplateFileComponentFactory();
class ViewHasTemplateFileComponent0 extends _ng.ComponentView<HasTemplateFileComponent> {
  external ViewHasTemplateFileComponent0(_ng.View parentView, int parentIndex);
}

external void initReflector();
