// GENERATED CODE - DO NOT MODIFY BY HAND

// **************************************************************************
// Generator: TemplateGenerator
// Target: library
// **************************************************************************

// @ignoreProblemForFile annotate_overrides
// @ignoreProblemForFile cancel_subscriptions
// @ignoreProblemForFile constant_identifier_names
// @ignoreProblemForFile non_constant_identifier_names
// @ignoreProblemForFile implementation_imports
// @ignoreProblemForFile library_prefixes
// @ignoreProblemForFile type_annotate_public_apis
// @ignoreProblemForFile STRONG_MODE_DOWN_CAST_COMPOSITE
// @ignoreProblemForFile UNUSED_IMPORT
// @ignoreProblemForFile UNUSED_SHOWN_NAME
// @ignoreProblemForFile UNUSED_LOCAL_VARIABLE
import 'has_directives.dart';
import 'package:angular2/src/core/reflection/reflection.dart' as _ngRef;
import 'package:angular2/angular2.template.dart' as _i1;
export 'has_directives.dart';
import 'package:angular2/src/core/linker/app_view.dart';
import 'has_directives.dart' as import1;
import 'dart:html';
import 'package:angular2/src/core/render/api.dart';
import 'package:angular2/src/core/linker/view_type.dart' as import4;
import 'package:angular2/src/core/change_detection/change_detection.dart';
import 'package:angular2/src/core/linker/app_view_utils.dart' as import6;
import 'package:angular2/angular2.dart';

const List<dynamic> styles_TestFooComponent = const [];

class ViewTestFooComponent0 extends AppView<import1.TestFooComponent> {
  DivElement _el_1;
  Element _el_4;
  import1.TestDirective _TestDirective_4_2;
  Element _el_6;
  AppView<import1.TestSubComponent> _compView_6;
  import1.TestSubComponent _TestSubComponent_6_2;
  static RenderComponentType renderType;
  ViewTestFooComponent0(AppView<dynamic> parentView, num parentIndex)
      : super(import4.ViewType.COMPONENT, {}, parentView, parentIndex,
            ChangeDetectionStrategy.CheckAlways) {
    rootEl = document.createElement('test-foo');
    renderType ??= import6.appViewUtils
        .createRenderType('', ViewEncapsulation.None, styles_TestFooComponent);
    setupComponentType(renderType);
  }
  ComponentRef build() {
    final import1.TestFooComponent _ctx = ctx;
    final HtmlElement parentRenderNode = initViewRoot(rootEl);
    Text _text_0 = new Text('    ');
    parentRenderNode.append(_text_0);
    var doc = document;
    _el_1 = doc.createElement('div');
    parentRenderNode.append(_el_1);
    Text _text_2 = new Text('My own template');
    _el_1.append(_text_2);
    Text _text_3 = new Text('\n    A directive: ');
    parentRenderNode.append(_text_3);
    _el_4 = doc.createElement('directive');
    parentRenderNode.append(_el_4);
    _TestDirective_4_2 = new import1.TestDirective();
    Text _text_5 = new Text('\n    A component: ');
    parentRenderNode.append(_text_5);
    _compView_6 = viewFactory_TestSubComponent0(this, 6);
    _el_6 = _compView_6.rootEl;
    parentRenderNode.append(_el_6);
    _TestSubComponent_6_2 = new import1.TestSubComponent();
    _compView_6.create(_TestSubComponent_6_2, []);
    Text _text_7 = new Text('\n  ');
    parentRenderNode.append(_text_7);
    init(const [], const []);
    return null;
  }

  dynamic injectorGetInternal(
      dynamic token, int nodeIndex, dynamic notFoundResult) {
    if ((identical(token, import1.TestDirective) && (4 == nodeIndex))) {
      return _TestDirective_4_2;
    }
    if ((identical(token, import1.TestSubComponent) && (6 == nodeIndex))) {
      return _TestSubComponent_6_2;
    }
    return notFoundResult;
  }

  void detectChangesInternal() {
    final import1.TestFooComponent _ctx = ctx;
    _compView_6.detectChanges();
  }

  void destroyInternal() {
    _compView_6.destroy();
  }
}

AppView<import1.TestFooComponent> viewFactory_TestFooComponent0(
    AppView<dynamic> parentView, num parentIndex) {
  return new ViewTestFooComponent0(parentView, parentIndex);
}

const List<dynamic> styles_TestFooComponentHost = const [];

class ViewTestFooComponentHost0 extends AppView<dynamic> {
  AppView<import1.TestFooComponent> _compView_0;
  import1.TestFooComponent _TestFooComponent_0_2;
  static RenderComponentType renderType;
  ViewTestFooComponentHost0(AppView<dynamic> parentView, num parentIndex)
      : super(import4.ViewType.HOST, {}, parentView, parentIndex,
            ChangeDetectionStrategy.CheckAlways) {
    renderType ??= import6.appViewUtils.createRenderType(
        '', ViewEncapsulation.Emulated, styles_TestFooComponentHost);
    setupComponentType(renderType);
  }
  ComponentRef build() {
    final _ctx = ctx;
    _compView_0 = viewFactory_TestFooComponent0(this, 0);
    rootEl = _compView_0.rootEl;
    _TestFooComponent_0_2 = new import1.TestFooComponent();
    _compView_0.create(_TestFooComponent_0_2, projectableNodes);
    init([rootEl], const []);
    return new ComponentRef(0, this, rootEl, _TestFooComponent_0_2);
  }

  dynamic injectorGetInternal(
      dynamic token, int nodeIndex, dynamic notFoundResult) {
    if ((identical(token, import1.TestFooComponent) && (0 == nodeIndex))) {
      return _TestFooComponent_0_2;
    }
    return notFoundResult;
  }

  void detectChangesInternal() {
    final _ctx = ctx;
    _compView_0.detectChanges();
  }

  void destroyInternal() {
    _compView_0.destroy();
  }
}

AppView viewFactory_TestFooComponentHost0(
    AppView<dynamic> parentView, num parentIndex) {
  return new ViewTestFooComponentHost0(parentView, parentIndex);
}

const ComponentFactory TestFooComponentNgFactory = const ComponentFactory(
    'test-foo',
    viewFactory_TestFooComponentHost0,
    import1.TestFooComponent,
    _METADATA);
const List<dynamic> styles_TestSubComponent = const [];

class ViewTestSubComponent0 extends AppView<import1.TestSubComponent> {
  DivElement _el_0;
  static RenderComponentType renderType;
  ViewTestSubComponent0(AppView<dynamic> parentView, num parentIndex)
      : super(import4.ViewType.COMPONENT, {}, parentView, parentIndex,
            ChangeDetectionStrategy.CheckAlways) {
    rootEl = document.createElement('test-bar');
    renderType ??= import6.appViewUtils
        .createRenderType('', ViewEncapsulation.None, styles_TestSubComponent);
    setupComponentType(renderType);
  }
  ComponentRef build() {
    final import1.TestSubComponent _ctx = ctx;
    final HtmlElement parentRenderNode = initViewRoot(rootEl);
    var doc = document;
    _el_0 = doc.createElement('div');
    parentRenderNode.append(_el_0);
    Text _text_1 = new Text('Bar');
    _el_0.append(_text_1);
    init(const [], const []);
    return null;
  }
}

AppView<import1.TestSubComponent> viewFactory_TestSubComponent0(
    AppView<dynamic> parentView, num parentIndex) {
  return new ViewTestSubComponent0(parentView, parentIndex);
}

const List<dynamic> styles_TestSubComponentHost = const [];

class ViewTestSubComponentHost0 extends AppView<dynamic> {
  AppView<import1.TestSubComponent> _compView_0;
  import1.TestSubComponent _TestSubComponent_0_2;
  static RenderComponentType renderType;
  ViewTestSubComponentHost0(AppView<dynamic> parentView, num parentIndex)
      : super(import4.ViewType.HOST, {}, parentView, parentIndex,
            ChangeDetectionStrategy.CheckAlways) {
    renderType ??= import6.appViewUtils.createRenderType(
        '', ViewEncapsulation.Emulated, styles_TestSubComponentHost);
    setupComponentType(renderType);
  }
  ComponentRef build() {
    final _ctx = ctx;
    _compView_0 = viewFactory_TestSubComponent0(this, 0);
    rootEl = _compView_0.rootEl;
    _TestSubComponent_0_2 = new import1.TestSubComponent();
    _compView_0.create(_TestSubComponent_0_2, projectableNodes);
    init([rootEl], const []);
    return new ComponentRef(0, this, rootEl, _TestSubComponent_0_2);
  }

  dynamic injectorGetInternal(
      dynamic token, int nodeIndex, dynamic notFoundResult) {
    if ((identical(token, import1.TestSubComponent) && (0 == nodeIndex))) {
      return _TestSubComponent_0_2;
    }
    return notFoundResult;
  }

  void detectChangesInternal() {
    final _ctx = ctx;
    _compView_0.detectChanges();
  }

  void destroyInternal() {
    _compView_0.destroy();
  }
}

AppView viewFactory_TestSubComponentHost0(
    AppView<dynamic> parentView, num parentIndex) {
  return new ViewTestSubComponentHost0(parentView, parentIndex);
}

const ComponentFactory TestSubComponentNgFactory = const ComponentFactory(
    'test-bar',
    viewFactory_TestSubComponentHost0,
    import1.TestSubComponent,
    _METADATA);
const _METADATA = const <dynamic>[
  TestFooComponent,
  const <dynamic>[],
  TestDirective,
  const <dynamic>[],
  TestSubComponent,
  const <dynamic>[]
];
var _visited = false;
void initReflector() {
  if (_visited) {
    return;
  }
  _visited = true;
  _ngRef.reflector.registerType(
      TestFooComponent,
      new _ngRef.ReflectionInfo(const <dynamic>[TestFooComponentNgFactory],
          const [], () => new TestFooComponent()));
  _ngRef.reflector.registerType(
      TestDirective,
      new _ngRef.ReflectionInfo(
          const <dynamic>[], const [], () => new TestDirective()));
  _ngRef.reflector.registerType(
      TestSubComponent,
      new _ngRef.ReflectionInfo(const <dynamic>[TestSubComponentNgFactory],
          const [], () => new TestSubComponent()));
  _i1.initReflector();
}
