// GENERATED CODE - DO NOT MODIFY BY HAND

// **************************************************************************
// Generator: TemplateGenerator
// Target: library
// **************************************************************************

// @ignoreProblemForFile cancel_subscriptions
// @ignoreProblemForFile constant_identifier_names
// @ignoreProblemForFile non_constant_identifier_names
// @ignoreProblemForFile implementation_imports
// @ignoreProblemForFile library_prefixes
// @ignoreProblemForFile UNUSED_IMPORT
// @ignoreProblemForFile UNUSED_SHOWN_NAME
// @ignoreProblemForFile UNUSED_LOCAL_VARIABLE
import 'view_encapsulation.dart';
import 'package:angular2/src/core/reflection/reflection.dart' as _ngRef;
import 'package:angular2/angular2.template.dart' as _i1;
export 'view_encapsulation.dart';
import 'package:angular2/src/debug/debug_context.dart';
import 'package:angular2/src/debug/debug_app_view.dart';
import 'view_encapsulation.dart' as import2;
import 'dart:html';
import 'package:angular2/src/core/render/api.dart';
import 'package:angular2/src/core/linker/app_view.dart';
import 'package:angular2/src/core/linker/view_type.dart' as import6;
import 'package:angular2/src/core/change_detection/change_detection.dart';
import 'package:angular2/src/core/linker/app_view_utils.dart' as import8;
import 'package:angular2/angular2.dart';

const List<dynamic> styles_EmulatedComponent = const [];
List<StaticNodeDebugInfo> nodeDebugInfos_EmulatedComponent0 = [null, null];

class ViewEmulatedComponent0 extends DebugAppView<import2.EmulatedComponent> {
  DivElement _el_0;
  static RenderComponentType renderType;
  ViewEmulatedComponent0(AppView<dynamic> parentView, num parentIndex)
      : super(
            import6.ViewType.COMPONENT,
            {},
            parentView,
            parentIndex,
            ChangeDetectionStrategy.CheckAlways,
            nodeDebugInfos_EmulatedComponent0) {
    rootEl = document.createElement('Emulated');
    renderType ??= import8.appViewUtils.createRenderType(
        'asset:angular2/test/source_gen/template_compiler/test_files/view_encapsulation.dart class EmulatedComponent - inline template',
        ViewEncapsulation.None,
        styles_EmulatedComponent);
    setupComponentType(renderType);
  }
  @override
  ComponentRef build() {
    final import2.EmulatedComponent _ctx = ctx;
    final HtmlElement parentRenderNode = initViewRoot(rootEl);
    var doc = document;
    _el_0 = createAndAppendDbg(this, doc, 'div', parentRenderNode, 0, 0, 0);
    Text _text_1 = new Text('Emulated');
    _el_0.append(_text_1);
    dbgElm(this, _text_1, 1, 0, 5);
    init(const [], const [], [_el_0, _text_1]);
    return null;
  }
}

AppView<import2.EmulatedComponent> viewFactory_EmulatedComponent0(
    AppView<dynamic> parentView, num parentIndex) {
  return new ViewEmulatedComponent0(parentView, parentIndex);
}

const List<dynamic> styles_EmulatedComponentHost = const [];
List<StaticNodeDebugInfo> nodeDebugInfos_EmulatedComponentHost0 = [
  new StaticNodeDebugInfo([import2.EmulatedComponent],
      import2.EmulatedComponent, <String, dynamic>{})
];

class ViewEmulatedComponentHost0 extends DebugAppView<dynamic> {
  ViewEmulatedComponent0 _compView_0;
  import2.EmulatedComponent _EmulatedComponent_0_2;
  static RenderComponentType renderType;
  ViewEmulatedComponentHost0(AppView<dynamic> parentView, num parentIndex)
      : super(
            import6.ViewType.HOST,
            {},
            parentView,
            parentIndex,
            ChangeDetectionStrategy.CheckAlways,
            nodeDebugInfos_EmulatedComponentHost0) {
    renderType ??= import8.appViewUtils.createRenderType(
        '', ViewEncapsulation.Emulated, styles_EmulatedComponentHost);
    setupComponentType(renderType);
  }
  @override
  ComponentRef build() {
    final _ctx = ctx;
    _compView_0 = new ViewEmulatedComponent0(this, 0);
    rootEl = _compView_0.rootEl;
    dbgIdx(rootEl, 0);
    _EmulatedComponent_0_2 = new import2.EmulatedComponent();
    _compView_0.create(_EmulatedComponent_0_2, projectableNodes);
    init([rootEl], const [], [rootEl]);
    return new ComponentRef(0, this, rootEl, _EmulatedComponent_0_2);
  }

  @override
  dynamic injectorGetInternal(
      dynamic token, int nodeIndex, dynamic notFoundResult) {
    if ((identical(token, import2.EmulatedComponent) && (0 == nodeIndex))) {
      return _EmulatedComponent_0_2;
    }
    return notFoundResult;
  }

  @override
  void detectChangesInternal() {
    final _ctx = ctx;
    _compView_0.detectChanges();
  }

  @override
  void destroyInternal() {
    _compView_0.destroy();
  }
}

AppView viewFactory_EmulatedComponentHost0(
    AppView<dynamic> parentView, num parentIndex) {
  return new ViewEmulatedComponentHost0(parentView, parentIndex);
}

const ComponentFactory EmulatedComponentNgFactory = const ComponentFactory(
    'Emulated',
    viewFactory_EmulatedComponentHost0,
    import2.EmulatedComponent,
    _METADATA);
const List<dynamic> styles_NativeComponent = const [];
List<StaticNodeDebugInfo> nodeDebugInfos_NativeComponent0 = [null, null];

class ViewNativeComponent0 extends DebugAppView<import2.NativeComponent> {
  DivElement _el_0;
  static RenderComponentType renderType;
  ViewNativeComponent0(AppView<dynamic> parentView, num parentIndex)
      : super(
            import6.ViewType.COMPONENT,
            {},
            parentView,
            parentIndex,
            ChangeDetectionStrategy.CheckAlways,
            nodeDebugInfos_NativeComponent0) {
    rootEl = document.createElement('Native');
    renderType ??= import8.appViewUtils.createRenderType(
        'asset:angular2/test/source_gen/template_compiler/test_files/view_encapsulation.dart class NativeComponent - inline template',
        ViewEncapsulation.Native,
        styles_NativeComponent);
    setupComponentType(renderType);
  }
  @override
  ComponentRef build() {
    final import2.NativeComponent _ctx = ctx;
    final ShadowRoot parentRenderNode = createViewShadowRoot(rootEl);
    var doc = document;
    _el_0 = createAndAppendToShadowRootDbg(
        this, doc, 'div', parentRenderNode, 0, 0, 0);
    Text _text_1 = new Text('Native');
    _el_0.append(_text_1);
    dbgElm(this, _text_1, 1, 0, 5);
    init(const [], const [], [_el_0, _text_1]);
    return null;
  }
}

AppView<import2.NativeComponent> viewFactory_NativeComponent0(
    AppView<dynamic> parentView, num parentIndex) {
  return new ViewNativeComponent0(parentView, parentIndex);
}

const List<dynamic> styles_NativeComponentHost = const [];
List<StaticNodeDebugInfo> nodeDebugInfos_NativeComponentHost0 = [
  new StaticNodeDebugInfo(
      [import2.NativeComponent], import2.NativeComponent, <String, dynamic>{})
];

class ViewNativeComponentHost0 extends DebugAppView<dynamic> {
  ViewNativeComponent0 _compView_0;
  import2.NativeComponent _NativeComponent_0_2;
  static RenderComponentType renderType;
  ViewNativeComponentHost0(AppView<dynamic> parentView, num parentIndex)
      : super(
            import6.ViewType.HOST,
            {},
            parentView,
            parentIndex,
            ChangeDetectionStrategy.CheckAlways,
            nodeDebugInfos_NativeComponentHost0) {
    renderType ??= import8.appViewUtils.createRenderType(
        '', ViewEncapsulation.Emulated, styles_NativeComponentHost);
    setupComponentType(renderType);
  }
  @override
  ComponentRef build() {
    final _ctx = ctx;
    _compView_0 = new ViewNativeComponent0(this, 0);
    rootEl = _compView_0.rootEl;
    dbgIdx(rootEl, 0);
    _NativeComponent_0_2 = new import2.NativeComponent();
    _compView_0.create(_NativeComponent_0_2, projectableNodes);
    init([rootEl], const [], [rootEl]);
    return new ComponentRef(0, this, rootEl, _NativeComponent_0_2);
  }

  @override
  dynamic injectorGetInternal(
      dynamic token, int nodeIndex, dynamic notFoundResult) {
    if ((identical(token, import2.NativeComponent) && (0 == nodeIndex))) {
      return _NativeComponent_0_2;
    }
    return notFoundResult;
  }

  @override
  void detectChangesInternal() {
    final _ctx = ctx;
    _compView_0.detectChanges();
  }

  @override
  void destroyInternal() {
    _compView_0.destroy();
  }
}

AppView viewFactory_NativeComponentHost0(
    AppView<dynamic> parentView, num parentIndex) {
  return new ViewNativeComponentHost0(parentView, parentIndex);
}

const ComponentFactory NativeComponentNgFactory = const ComponentFactory(
    'Native',
    viewFactory_NativeComponentHost0,
    import2.NativeComponent,
    _METADATA);
const List<dynamic> styles_NoneComponent = const [];
List<StaticNodeDebugInfo> nodeDebugInfos_NoneComponent0 = [null, null];

class ViewNoneComponent0 extends DebugAppView<import2.NoneComponent> {
  DivElement _el_0;
  static RenderComponentType renderType;
  ViewNoneComponent0(AppView<dynamic> parentView, num parentIndex)
      : super(
            import6.ViewType.COMPONENT,
            {},
            parentView,
            parentIndex,
            ChangeDetectionStrategy.CheckAlways,
            nodeDebugInfos_NoneComponent0) {
    rootEl = document.createElement('None');
    renderType ??= import8.appViewUtils.createRenderType(
        'asset:angular2/test/source_gen/template_compiler/test_files/view_encapsulation.dart class NoneComponent - inline template',
        ViewEncapsulation.None,
        styles_NoneComponent);
    setupComponentType(renderType);
  }
  @override
  ComponentRef build() {
    final import2.NoneComponent _ctx = ctx;
    final HtmlElement parentRenderNode = initViewRoot(rootEl);
    var doc = document;
    _el_0 = createAndAppendDbg(this, doc, 'div', parentRenderNode, 0, 0, 0);
    Text _text_1 = new Text('None');
    _el_0.append(_text_1);
    dbgElm(this, _text_1, 1, 0, 5);
    init(const [], const [], [_el_0, _text_1]);
    return null;
  }
}

AppView<import2.NoneComponent> viewFactory_NoneComponent0(
    AppView<dynamic> parentView, num parentIndex) {
  return new ViewNoneComponent0(parentView, parentIndex);
}

const List<dynamic> styles_NoneComponentHost = const [];
List<StaticNodeDebugInfo> nodeDebugInfos_NoneComponentHost0 = [
  new StaticNodeDebugInfo(
      [import2.NoneComponent], import2.NoneComponent, <String, dynamic>{})
];

class ViewNoneComponentHost0 extends DebugAppView<dynamic> {
  ViewNoneComponent0 _compView_0;
  import2.NoneComponent _NoneComponent_0_2;
  static RenderComponentType renderType;
  ViewNoneComponentHost0(AppView<dynamic> parentView, num parentIndex)
      : super(
            import6.ViewType.HOST,
            {},
            parentView,
            parentIndex,
            ChangeDetectionStrategy.CheckAlways,
            nodeDebugInfos_NoneComponentHost0) {
    renderType ??= import8.appViewUtils.createRenderType(
        '', ViewEncapsulation.Emulated, styles_NoneComponentHost);
    setupComponentType(renderType);
  }
  @override
  ComponentRef build() {
    final _ctx = ctx;
    _compView_0 = new ViewNoneComponent0(this, 0);
    rootEl = _compView_0.rootEl;
    dbgIdx(rootEl, 0);
    _NoneComponent_0_2 = new import2.NoneComponent();
    _compView_0.create(_NoneComponent_0_2, projectableNodes);
    init([rootEl], const [], [rootEl]);
    return new ComponentRef(0, this, rootEl, _NoneComponent_0_2);
  }

  @override
  dynamic injectorGetInternal(
      dynamic token, int nodeIndex, dynamic notFoundResult) {
    if ((identical(token, import2.NoneComponent) && (0 == nodeIndex))) {
      return _NoneComponent_0_2;
    }
    return notFoundResult;
  }

  @override
  void detectChangesInternal() {
    final _ctx = ctx;
    _compView_0.detectChanges();
  }

  @override
  void destroyInternal() {
    _compView_0.destroy();
  }
}

AppView viewFactory_NoneComponentHost0(
    AppView<dynamic> parentView, num parentIndex) {
  return new ViewNoneComponentHost0(parentView, parentIndex);
}

const ComponentFactory NoneComponentNgFactory = const ComponentFactory(
    'None', viewFactory_NoneComponentHost0, import2.NoneComponent, _METADATA);
const _METADATA = const <dynamic>[
  EmulatedComponent,
  const <dynamic>[],
  NativeComponent,
  const <dynamic>[],
  NoneComponent,
  const <dynamic>[]
];
var _visited = false;
void initReflector() {
  if (_visited) {
    return;
  }
  _visited = true;
  _ngRef.reflector.registerType(
      EmulatedComponent,
      new _ngRef.ReflectionInfo(const <dynamic>[EmulatedComponentNgFactory],
          const [], () => new EmulatedComponent()));
  _ngRef.reflector.registerType(
      NativeComponent,
      new _ngRef.ReflectionInfo(const <dynamic>[NativeComponentNgFactory],
          const [], () => new NativeComponent()));
  _ngRef.reflector.registerType(
      NoneComponent,
      new _ngRef.ReflectionInfo(const <dynamic>[NoneComponentNgFactory],
          const [], () => new NoneComponent()));
  _i1.initReflector();
}
