// **************************************************************************
// Generator: AngularDart Compiler
// **************************************************************************

import 'visibility.dart';
export 'visibility.dart';
import 'package:angular/src/di/reflector.dart' as _ngRef;
import 'package:angular/angular.template.dart' as _ref0;
import 'package:angular/src/core/linker/views/component_view.dart' as import0;
import 'visibility.dart' as import1;
import 'package:angular/src/core/linker/style_encapsulation.dart' as import2;
import 'package:angular/src/core/linker/views/view.dart' as import3;
import 'package:angular/src/core/change_detection/change_detection.dart';
import 'dart:html' as import5;
import 'package:angular/src/runtime.dart' as import6;
import 'package:angular/angular.dart';
import 'package:angular/src/core/linker/views/host_view.dart' as import8;
import 'package:angular/src/di/errors.dart' as import9;
import 'package:angular/src/runtime/dom_helpers.dart' as import10;

final List<dynamic> styles$Dependent = const [];

class ViewDependent0 extends import0.ComponentView<import1.Dependent> {
  static import2.ComponentStyles _componentStyles;
  ViewDependent0(import3.View parentView, int parentIndex) : super(parentView, parentIndex, ChangeDetectionStrategy.CheckAlways) {
    this.initComponentStyles();
    this.rootElement = import5.document.createElement('dependent');
  }
  static String get _debugComponentUrl {
    return (import6.isDevMode ? 'asset:_goldens/test/files/visibility.dart' : null);
  }

  @override
  void build() {
    final import5.HtmlElement parentRenderNode = this.initViewRoot();
  }

  static void _debugClearComponentStyles() {
    _componentStyles = null;
  }

  void initComponentStyles() {
    var styles = _componentStyles;
    if (identical(styles, null)) {
      _componentStyles = (styles = import2.ComponentStyles.unscoped(styles$Dependent, _debugComponentUrl));
      if (import6.isDevMode) {
        import2.ComponentStyles.debugOnClear(_debugClearComponentStyles);
      }
    }
    this.componentStyles = styles;
  }
}

const _DependentNgFactory = ComponentFactory<import1.Dependent>('dependent', viewFactory_DependentHost0);
ComponentFactory<import1.Dependent> get DependentNgFactory {
  return _DependentNgFactory;
}

ComponentFactory<import1.Dependent> createDependentFactory() {
  return ComponentFactory('dependent', viewFactory_DependentHost0);
}

final List<dynamic> styles$DependentHost = const [];

class _ViewDependentHost0 extends import8.HostView<import1.Dependent> {
  @override
  void build() {
    this.componentView = ViewDependent0(this, 0);
    final _el_0 = this.componentView.rootElement;
    this.component = (import6.isDevMode
        ? import9.debugInjectorWrap(import1.Dependent, () {
            return import1.Dependent(this.injectorGet(import1.Dependency, this.parentIndex));
          })
        : import1.Dependent(this.injectorGet(import1.Dependency, this.parentIndex)));
    this.initRootNode(_el_0);
  }
}

import8.HostView<import1.Dependent> viewFactory_DependentHost0() {
  return _ViewDependentHost0();
}

final List<dynamic> styles$DependencyWithDependentInView = const [];

class ViewDependencyWithDependentInView0 extends import0.ComponentView<import1.DependencyWithDependentInView> {
  ViewDependent0 _compView_0;
  import1.Dependent _Dependent_0_5;
  static import2.ComponentStyles _componentStyles;
  ViewDependencyWithDependentInView0(import3.View parentView, int parentIndex) : super(parentView, parentIndex, ChangeDetectionStrategy.CheckAlways) {
    this.initComponentStyles();
    this.rootElement = import5.document.createElement('dependency-with-dependent-in-view');
  }
  static String get _debugComponentUrl {
    return (import6.isDevMode ? 'asset:_goldens/test/files/visibility.dart' : null);
  }

  @override
  void build() {
    final import5.HtmlElement parentRenderNode = this.initViewRoot();
    this._compView_0 = ViewDependent0(this, 0);
    final _el_0 = this._compView_0.rootElement;
    parentRenderNode.append(_el_0);
    this._Dependent_0_5 = (import6.isDevMode
        ? import9.debugInjectorWrap(import1.Dependent, () {
            return import1.Dependent(this.parentView.injectorGet(import1.Dependency, this.parentIndex));
          })
        : import1.Dependent(this.parentView.injectorGet(import1.Dependency, this.parentIndex)));
    this._compView_0.create(this._Dependent_0_5);
  }

  @override
  void detectChangesInternal() {
    this._compView_0.detectChanges();
  }

  @override
  void destroyInternal() {
    this._compView_0.destroyInternalState();
  }

  static void _debugClearComponentStyles() {
    _componentStyles = null;
  }

  void initComponentStyles() {
    var styles = _componentStyles;
    if (identical(styles, null)) {
      _componentStyles = (styles = import2.ComponentStyles.unscoped(styles$DependencyWithDependentInView, _debugComponentUrl));
      if (import6.isDevMode) {
        import2.ComponentStyles.debugOnClear(_debugClearComponentStyles);
      }
    }
    this.componentStyles = styles;
  }
}

const _DependencyWithDependentInViewNgFactory = ComponentFactory<import1.DependencyWithDependentInView>('dependency-with-dependent-in-view', viewFactory_DependencyWithDependentInViewHost0);
ComponentFactory<import1.DependencyWithDependentInView> get DependencyWithDependentInViewNgFactory {
  return _DependencyWithDependentInViewNgFactory;
}

ComponentFactory<import1.DependencyWithDependentInView> createDependencyWithDependentInViewFactory() {
  return ComponentFactory('dependency-with-dependent-in-view', viewFactory_DependencyWithDependentInViewHost0);
}

final List<dynamic> styles$DependencyWithDependentInViewHost = const [];

class _ViewDependencyWithDependentInViewHost0 extends import8.HostView<import1.DependencyWithDependentInView> {
  @override
  void build() {
    this.componentView = ViewDependencyWithDependentInView0(this, 0);
    final _el_0 = this.componentView.rootElement;
    this.component = import1.DependencyWithDependentInView();
    this.initRootNode(_el_0);
  }

  @override
  dynamic injectorGetInternal(dynamic token, int nodeIndex, dynamic notFoundResult) {
    if ((identical(token, import1.Dependency) && (0 == nodeIndex))) {
      return this.component;
    }
    return notFoundResult;
  }
}

import8.HostView<import1.DependencyWithDependentInView> viewFactory_DependencyWithDependentInViewHost0() {
  return _ViewDependencyWithDependentInViewHost0();
}

final List<dynamic> styles$DependencyWithContent = const [];

class ViewDependencyWithContent0 extends import0.ComponentView<import1.DependencyWithContent> {
  static import2.ComponentStyles _componentStyles;
  ViewDependencyWithContent0(import3.View parentView, int parentIndex) : super(parentView, parentIndex, ChangeDetectionStrategy.CheckAlways) {
    this.initComponentStyles();
    this.rootElement = import5.document.createElement('dependency-with-content');
  }
  static String get _debugComponentUrl {
    return (import6.isDevMode ? 'asset:_goldens/test/files/visibility.dart' : null);
  }

  @override
  void build() {
    final import5.HtmlElement parentRenderNode = this.initViewRoot();
    this.project(parentRenderNode, 0);
  }

  static void _debugClearComponentStyles() {
    _componentStyles = null;
  }

  void initComponentStyles() {
    var styles = _componentStyles;
    if (identical(styles, null)) {
      _componentStyles = (styles = import2.ComponentStyles.unscoped(styles$DependencyWithContent, _debugComponentUrl));
      if (import6.isDevMode) {
        import2.ComponentStyles.debugOnClear(_debugClearComponentStyles);
      }
    }
    this.componentStyles = styles;
  }
}

const _DependencyWithContentNgFactory = ComponentFactory<import1.DependencyWithContent>('dependency-with-content', viewFactory_DependencyWithContentHost0);
ComponentFactory<import1.DependencyWithContent> get DependencyWithContentNgFactory {
  return _DependencyWithContentNgFactory;
}

ComponentFactory<import1.DependencyWithContent> createDependencyWithContentFactory() {
  return ComponentFactory('dependency-with-content', viewFactory_DependencyWithContentHost0);
}

final List<dynamic> styles$DependencyWithContentHost = const [];

class _ViewDependencyWithContentHost0 extends import8.HostView<import1.DependencyWithContent> {
  @override
  void build() {
    this.componentView = ViewDependencyWithContent0(this, 0);
    final _el_0 = this.componentView.rootElement;
    this.component = import1.DependencyWithContent();
    this.initRootNode(_el_0);
  }

  @override
  dynamic injectorGetInternal(dynamic token, int nodeIndex, dynamic notFoundResult) {
    if ((identical(token, import1.Dependency) && (0 == nodeIndex))) {
      return this.component;
    }
    return notFoundResult;
  }
}

import8.HostView<import1.DependencyWithContent> viewFactory_DependencyWithContentHost0() {
  return _ViewDependencyWithContentHost0();
}

final List<dynamic> styles$DependencyAndDependentInView = const [];

class ViewDependencyAndDependentInView0 extends import0.ComponentView<import1.DependencyAndDependentInView> {
  ViewDependent0 _compView_1;
  import1.Dependent _Dependent_1_5;
  static import2.ComponentStyles _componentStyles;
  ViewDependencyAndDependentInView0(import3.View parentView, int parentIndex) : super(parentView, parentIndex, ChangeDetectionStrategy.CheckAlways) {
    this.initComponentStyles();
    this.rootElement = import5.document.createElement('dependency-and-dependent-in-view');
  }
  static String get _debugComponentUrl {
    return (import6.isDevMode ? 'asset:_goldens/test/files/visibility.dart' : null);
  }

  @override
  void build() {
    final import5.HtmlElement parentRenderNode = this.initViewRoot();
    final doc = import5.document;
    final _el_0 = import10.appendElement(doc, parentRenderNode, 'dependency');
    this._compView_1 = ViewDependent0(this, 1);
    final _el_1 = this._compView_1.rootElement;
    _el_0.append(_el_1);
    this._Dependent_1_5 = (import6.isDevMode
        ? import9.debugInjectorWrap(import1.Dependent, () {
            return import1.Dependent(this.parentView.injectorGet(import1.Dependency, this.parentIndex));
          })
        : import1.Dependent(this.parentView.injectorGet(import1.Dependency, this.parentIndex)));
    this._compView_1.create(this._Dependent_1_5);
  }

  @override
  void detectChangesInternal() {
    this._compView_1.detectChanges();
  }

  @override
  void destroyInternal() {
    this._compView_1.destroyInternalState();
  }

  static void _debugClearComponentStyles() {
    _componentStyles = null;
  }

  void initComponentStyles() {
    var styles = _componentStyles;
    if (identical(styles, null)) {
      _componentStyles = (styles = import2.ComponentStyles.unscoped(styles$DependencyAndDependentInView, _debugComponentUrl));
      if (import6.isDevMode) {
        import2.ComponentStyles.debugOnClear(_debugClearComponentStyles);
      }
    }
    this.componentStyles = styles;
  }
}

const _DependencyAndDependentInViewNgFactory = ComponentFactory<import1.DependencyAndDependentInView>('dependency-and-dependent-in-view', viewFactory_DependencyAndDependentInViewHost0);
ComponentFactory<import1.DependencyAndDependentInView> get DependencyAndDependentInViewNgFactory {
  return _DependencyAndDependentInViewNgFactory;
}

ComponentFactory<import1.DependencyAndDependentInView> createDependencyAndDependentInViewFactory() {
  return ComponentFactory('dependency-and-dependent-in-view', viewFactory_DependencyAndDependentInViewHost0);
}

final List<dynamic> styles$DependencyAndDependentInViewHost = const [];

class _ViewDependencyAndDependentInViewHost0 extends import8.HostView<import1.DependencyAndDependentInView> {
  @override
  void build() {
    this.componentView = ViewDependencyAndDependentInView0(this, 0);
    final _el_0 = this.componentView.rootElement;
    this.component = import1.DependencyAndDependentInView();
    this.initRootNode(_el_0);
  }
}

import8.HostView<import1.DependencyAndDependentInView> viewFactory_DependencyAndDependentInViewHost0() {
  return _ViewDependencyAndDependentInViewHost0();
}

final List<dynamic> styles$HasVisibilityAll = const [];

class ViewHasVisibilityAll0 extends import0.ComponentView<import1.HasVisibilityAll> {
  static import2.ComponentStyles _componentStyles;
  ViewHasVisibilityAll0(import3.View parentView, int parentIndex) : super(parentView, parentIndex, ChangeDetectionStrategy.CheckAlways) {
    this.initComponentStyles();
    this.rootElement = import5.document.createElement('has-visibility-all');
  }
  static String get _debugComponentUrl {
    return (import6.isDevMode ? 'asset:_goldens/test/files/visibility.dart' : null);
  }

  @override
  void build() {
    final import5.HtmlElement parentRenderNode = this.initViewRoot();
  }

  static void _debugClearComponentStyles() {
    _componentStyles = null;
  }

  void initComponentStyles() {
    var styles = _componentStyles;
    if (identical(styles, null)) {
      _componentStyles = (styles = import2.ComponentStyles.unscoped(styles$HasVisibilityAll, _debugComponentUrl));
      if (import6.isDevMode) {
        import2.ComponentStyles.debugOnClear(_debugClearComponentStyles);
      }
    }
    this.componentStyles = styles;
  }
}

const _HasVisibilityAllNgFactory = ComponentFactory<import1.HasVisibilityAll>('has-visibility-all', viewFactory_HasVisibilityAllHost0);
ComponentFactory<import1.HasVisibilityAll> get HasVisibilityAllNgFactory {
  return _HasVisibilityAllNgFactory;
}

ComponentFactory<import1.HasVisibilityAll> createHasVisibilityAllFactory() {
  return ComponentFactory('has-visibility-all', viewFactory_HasVisibilityAllHost0);
}

final List<dynamic> styles$HasVisibilityAllHost = const [];

class _ViewHasVisibilityAllHost0 extends import8.HostView<import1.HasVisibilityAll> {
  @override
  void build() {
    this.componentView = ViewHasVisibilityAll0(this, 0);
    final _el_0 = this.componentView.rootElement;
    this.component = import1.HasVisibilityAll();
    this.initRootNode(_el_0);
  }

  @override
  dynamic injectorGetInternal(dynamic token, int nodeIndex, dynamic notFoundResult) {
    if ((identical(token, import1.HasVisibilityAll) && (0 == nodeIndex))) {
      return this.component;
    }
    return notFoundResult;
  }
}

import8.HostView<import1.HasVisibilityAll> viewFactory_HasVisibilityAllHost0() {
  return _ViewHasVisibilityAllHost0();
}

final List<dynamic> styles$HasVisibilityLocal = const [];

class ViewHasVisibilityLocal0 extends import0.ComponentView<import1.HasVisibilityLocal> {
  static import2.ComponentStyles _componentStyles;
  ViewHasVisibilityLocal0(import3.View parentView, int parentIndex) : super(parentView, parentIndex, ChangeDetectionStrategy.CheckAlways) {
    this.initComponentStyles();
    this.rootElement = import5.document.createElement('has-visibility-local');
  }
  static String get _debugComponentUrl {
    return (import6.isDevMode ? 'asset:_goldens/test/files/visibility.dart' : null);
  }

  @override
  void build() {
    final import5.HtmlElement parentRenderNode = this.initViewRoot();
  }

  static void _debugClearComponentStyles() {
    _componentStyles = null;
  }

  void initComponentStyles() {
    var styles = _componentStyles;
    if (identical(styles, null)) {
      _componentStyles = (styles = import2.ComponentStyles.unscoped(styles$HasVisibilityLocal, _debugComponentUrl));
      if (import6.isDevMode) {
        import2.ComponentStyles.debugOnClear(_debugClearComponentStyles);
      }
    }
    this.componentStyles = styles;
  }
}

const _HasVisibilityLocalNgFactory = ComponentFactory<import1.HasVisibilityLocal>('has-visibility-local', viewFactory_HasVisibilityLocalHost0);
ComponentFactory<import1.HasVisibilityLocal> get HasVisibilityLocalNgFactory {
  return _HasVisibilityLocalNgFactory;
}

ComponentFactory<import1.HasVisibilityLocal> createHasVisibilityLocalFactory() {
  return ComponentFactory('has-visibility-local', viewFactory_HasVisibilityLocalHost0);
}

final List<dynamic> styles$HasVisibilityLocalHost = const [];

class _ViewHasVisibilityLocalHost0 extends import8.HostView<import1.HasVisibilityLocal> {
  @override
  void build() {
    this.componentView = ViewHasVisibilityLocal0(this, 0);
    final _el_0 = this.componentView.rootElement;
    this.component = import1.HasVisibilityLocal();
    this.initRootNode(_el_0);
  }
}

import8.HostView<import1.HasVisibilityLocal> viewFactory_HasVisibilityLocalHost0() {
  return _ViewHasVisibilityLocalHost0();
}

var _visited = false;
void initReflector() {
  if (_visited) {
    return;
  }
  _visited = true;

  _ngRef.registerComponent(Dependent, createDependentFactory());
  _ngRef.registerComponent(DependencyWithDependentInView, createDependencyWithDependentInViewFactory());
  _ngRef.registerComponent(DependencyWithContent, createDependencyWithContentFactory());
  _ngRef.registerComponent(DependencyAndDependentInView, createDependencyAndDependentInViewFactory());
  _ngRef.registerComponent(HasVisibilityAll, createHasVisibilityAllFactory());
  _ngRef.registerComponent(HasVisibilityLocal, createHasVisibilityLocalFactory());
  _ref0.initReflector();
}
